Component: Arm Compiler for Embedded 6.24 Tool: armlink [5f371500]

==============================================================================

Section Cross References

    main.o(.text.main) refers to init.o(.data.Dev_info_poor) for Dev_info_poor
    main.o(.text.main) refers to dev_frame.o(.text.Device_Registration) for Device_Registration
    main.o(.text.main) refers to inv_mpu.o(.text.mpu_dmp_init) for mpu_dmp_init
    main.o(.text.main) refers to main.o(.bss.pitch) for pitch
    main.o(.text.main) refers to main.o(.bss.roll) for roll
    main.o(.text.main) refers to main.o(.bss.yaw) for yaw
    main.o(.text.main) refers to inv_mpu.o(.text.mpu_dmp_get_data) for mpu_dmp_get_data
    main.o(.text.main) refers to f2d.o(x$fpl$f2d) for __aeabi_f2d
    main.o(.text.main) refers to main.o(.rodata.str1.1) for .L.str
    main.o(.text.main) refers to printf.o(.text) for printf
    main.o(.ARM.exidx.text.main) refers to main.o(.text.main) for [Anonymous Symbol]
    init.o(.data.Shell) refers to usart.o(.text.USART1_ReceiveChar) for USART1_ReceiveChar
    init.o(.data.STM32F103C8T6_Device) refers to init.o(.rodata.str1.1) for [Anonymous Symbol]
    init.o(.data.Dev_info_poor) refers to usart.o(.data.debug) for debug
    init.o(.data.Dev_info_poor) refers to usart.o(.text.usart1_init) for usart1_init
    init.o(.data.Dev_info_poor) refers to usart.o(.text.usart1_start) for usart1_start
    init.o(.data.Dev_info_poor) refers to usart.o(.text.usart1_stop) for usart1_stop
    init.o(.data.Dev_info_poor) refers to nvic.o(.text.nvic_init) for nvic_init
    init.o(.data.Dev_info_poor) refers to led.o(.text.led_init) for led_init
    init.o(.data.Dev_info_poor) refers to led.o(.text.led_on) for led_on
    init.o(.data.Dev_info_poor) refers to led.o(.text.led_off) for led_off
    inv_mpu.o(.text.mpu_reg_dump) refers to inv_mpu.o(.data.st) for st
    inv_mpu.o(.text.mpu_reg_dump) refers to i2c_dev.o(.text.mpu6050_i2c_read) for mpu6050_i2c_read
    inv_mpu.o(.text.mpu_reg_dump) refers to inv_mpu.o(.rodata.str1.1) for .L.str
    inv_mpu.o(.text.mpu_reg_dump) refers to printf.o(.text) for printf
    inv_mpu.o(.ARM.exidx.text.mpu_reg_dump) refers to inv_mpu.o(.text.mpu_reg_dump) for [Anonymous Symbol]
    inv_mpu.o(.text.mpu_read_reg) refers to inv_mpu.o(.data.st) for st
    inv_mpu.o(.text.mpu_read_reg) refers to i2c_dev.o(.text.mpu6050_i2c_read) for mpu6050_i2c_read
    inv_mpu.o(.ARM.exidx.text.mpu_read_reg) refers to inv_mpu.o(.text.mpu_read_reg) for [Anonymous Symbol]
    inv_mpu.o(.text.mpu_init) refers to inv_mpu.o(.data.st) for st
    inv_mpu.o(.text.mpu_init) refers to i2c_dev.o(.text.mpu6050_i2c_write) for mpu6050_i2c_write
    inv_mpu.o(.text.mpu_init) refers to delay.o(.data.delay) for delay
    inv_mpu.o(.text.mpu_init) refers to i2c_dev.o(.text.mpu6050_i2c_read) for mpu6050_i2c_read
    inv_mpu.o(.text.mpu_init) refers to inv_mpu.o(.rodata.str1.1) for .L.str.1
    inv_mpu.o(.text.mpu_init) refers to printf.o(.text) for printf
    inv_mpu.o(.text.mpu_init) refers to inv_mpu.o(.text.mpu_set_gyro_fsr) for mpu_set_gyro_fsr
    inv_mpu.o(.text.mpu_init) refers to inv_mpu.o(.text.mpu_set_accel_fsr) for mpu_set_accel_fsr
    inv_mpu.o(.text.mpu_init) refers to inv_mpu.o(.text.mpu_set_lpf) for mpu_set_lpf
    inv_mpu.o(.text.mpu_init) refers to inv_mpu.o(.text.mpu_set_sample_rate) for mpu_set_sample_rate
    inv_mpu.o(.text.mpu_init) refers to inv_mpu.o(.text.mpu_configure_fifo) for mpu_configure_fifo
    inv_mpu.o(.text.mpu_init) refers to inv_mpu.o(.text.mpu_set_bypass) for mpu_set_bypass
    inv_mpu.o(.text.mpu_init) refers to inv_mpu.o(.text.mpu_set_sensors) for mpu_set_sensors
    inv_mpu.o(.ARM.exidx.text.mpu_init) refers to inv_mpu.o(.text.mpu_init) for [Anonymous Symbol]
    inv_mpu.o(.text.mpu_set_gyro_fsr) refers to inv_mpu.o(.data.st) for st
    inv_mpu.o(.text.mpu_set_gyro_fsr) refers to i2c_dev.o(.text.mpu6050_i2c_write) for mpu6050_i2c_write
    inv_mpu.o(.ARM.exidx.text.mpu_set_gyro_fsr) refers to inv_mpu.o(.text.mpu_set_gyro_fsr) for [Anonymous Symbol]
    inv_mpu.o(.text.mpu_set_accel_fsr) refers to inv_mpu.o(.data.st) for st
    inv_mpu.o(.text.mpu_set_accel_fsr) refers to i2c_dev.o(.text.mpu6050_i2c_write) for mpu6050_i2c_write
    inv_mpu.o(.ARM.exidx.text.mpu_set_accel_fsr) refers to inv_mpu.o(.text.mpu_set_accel_fsr) for [Anonymous Symbol]
    inv_mpu.o(.text.mpu_set_lpf) refers to inv_mpu.o(.data.st) for st
    inv_mpu.o(.text.mpu_set_lpf) refers to i2c_dev.o(.text.mpu6050_i2c_write) for mpu6050_i2c_write
    inv_mpu.o(.ARM.exidx.text.mpu_set_lpf) refers to inv_mpu.o(.text.mpu_set_lpf) for [Anonymous Symbol]
    inv_mpu.o(.text.mpu_set_sample_rate) refers to inv_mpu.o(.data.st) for st
    inv_mpu.o(.text.mpu_set_sample_rate) refers to inv_mpu.o(.text.mpu_lp_accel_mode) for mpu_lp_accel_mode
    inv_mpu.o(.text.mpu_set_sample_rate) refers to i2c_dev.o(.text.mpu6050_i2c_write) for mpu6050_i2c_write
    inv_mpu.o(.text.mpu_set_sample_rate) refers to inv_mpu.o(.text.mpu_set_lpf) for mpu_set_lpf
[...]
    __rt_lib_init_lc_ctype_1                 0x080002f9   Thumb Code     0  libinit2.o(.ARM.Collect$$libinit$$00000015)
    __rt_lib_init_lc_monetary_1              0x080002f9   Thumb Code     0  libinit2.o(.ARM.Collect$$libinit$$00000017)
    __rt_lib_init_lc_numeric_2               0x080002f9   Thumb Code     0  libinit2.o(.ARM.Collect$$libinit$$00000018)
    __rt_lib_init_atexit_1                   0x08000303   Thumb Code     0  libinit2.o(.ARM.Collect$$libinit$$0000001D)
    __rt_lib_init_clock_1                    0x08000303   Thumb Code     0  libinit2.o(.ARM.Collect$$libinit$$00000023)
    __rt_lib_init_fp_trap_1                  0x08000303   Thumb Code     0  libinit2.o(.ARM.Collect$$libinit$$00000021)
    __rt_lib_init_getenv_1                   0x08000303   Thumb Code     0  libinit2.o(.ARM.Collect$$libinit$$00000025)
    __rt_lib_init_lc_numeric_1               0x08000303   Thumb Code     0  libinit2.o(.ARM.Collect$$libinit$$00000019)
    __rt_lib_init_lc_time_1                  0x08000303   Thumb Code     0  libinit2.o(.ARM.Collect$$libinit$$0000001B)
    __rt_lib_init_signal_1                   0x08000303   Thumb Code     0  libinit2.o(.ARM.Collect$$libinit$$0000001F)
    __rt_lib_init_stdio_2                    0x08000303   Thumb Code     0  libinit2.o(.ARM.Collect$$libinit$$00000026)
    __rt_lib_init_alloca_1                   0x08000307   Thumb Code     0  libinit2.o(.ARM.Collect$$libinit$$00000030)
    __rt_lib_init_argv_1                     0x08000307   Thumb Code     0  libinit2.o(.ARM.Collect$$libinit$$0000002E)
    __rt_lib_init_cpp_1                      0x08000307   Thumb Code     0  libinit2.o(.ARM.Collect$$libinit$$00000034)
    __rt_lib_init_exceptions_1               0x08000307   Thumb Code     0  libinit2.o(.ARM.Collect$$libinit$$00000032)
    __rt_lib_init_return                     0x08000307   Thumb Code     0  libinit2.o(.ARM.Collect$$libinit$$00000035)
    __rt_lib_init_stdio_1                    0x08000307   Thumb Code     0  libinit2.o(.ARM.Collect$$libinit$$00000027)
    __rt_lib_shutdown                        0x08000309   Thumb Code     0  libshutdown.o(.ARM.Collect$$libshutdown$$00000000)
    __rt_lib_shutdown_cpp_1                  0x0800030b   Thumb Code     0  libshutdown2.o(.ARM.Collect$$libshutdown$$00000002)
    __rt_lib_shutdown_stdio_2                0x0800030b   Thumb Code     0  libshutdown2.o(.ARM.Collect$$libshutdown$$00000003)
    __rt_lib_shutdown_fp_trap_1              0x0800030f   Thumb Code     0  libshutdown2.o(.ARM.Collect$$libshutdown$$00000007)
    __rt_lib_shutdown_heap_1                 0x0800030f   Thumb Code     0  libshutdown2.o(.ARM.Collect$$libshutdown$$0000000F)
    __rt_lib_shutdown_return                 0x0800030f   Thumb Code     0  libshutdown2.o(.ARM.Collect$$libshutdown$$00000010)
    __rt_lib_shutdown_signal_1               0x0800030f   Thumb Code     0  libshutdown2.o(.ARM.Collect$$libshutdown$$0000000A)
    __rt_lib_shutdown_stdio_1                0x0800030f   Thumb Code     0  libshutdown2.o(.ARM.Collect$$libshutdown$$00000004)
    __rt_lib_shutdown_user_alloc_1           0x0800030f   Thumb Code     0  libshutdown2.o(.ARM.Collect$$libshutdown$$0000000C)
    __rt_entry                               0x08000311   Thumb Code     0  __rtentry.o(.ARM.Collect$$rtentry$$00000000)
    __rt_entry_presh_1                       0x08000311   Thumb Code     0  __rtentry2.o(.ARM.Collect$$rtentry$$00000002)
    __rt_entry_sh                            0x08000311   Thumb Code     0  __rtentry4.o(.ARM.Collect$$rtentry$$00000004)
    __rt_entry_li                            0x08000317   Thumb Code     0  __rtentry2.o(.ARM.Collect$$rtentry$$0000000A)
    __rt_entry_postsh_1                      0x08000317   Thumb Code     0  __rtentry2.o(.ARM.Collect$$rtentry$$00000009)
    __rt_entry_main                          0x0800031b   Thumb Code     0  __rtentry2.o(.ARM.Collect$$rtentry$$0000000D)
    __rt_entry_postli_1                      0x0800031b   Thumb Code     0  __rtentry2.o(.ARM.Collect$$rtentry$$0000000C)
    __rt_exit                                0x08000323   Thumb Code     0  rtexit.o(.ARM.Collect$$rtexit$$00000000)
    __rt_exit_ls                             0x08000325   Thumb Code     0  rtexit2.o(.ARM.Collect$$rtexit$$00000003)
    __rt_exit_prels_1                        0x08000325   Thumb Code     0  rtexit2.o(.ARM.Collect$$rtexit$$00000002)
    __rt_exit_exit                           0x08000329   Thumb Code     0  rtexit2.o(.ARM.Collect$$rtexit$$00000004)
    Reset_Handler                            0x08000331   Thumb Code     8  startup_stm32f40_41xxx.o(.text)
    ADC_IRQHandler                           0x0800034b   Thumb Code     0  startup_stm32f40_41xxx.o(.text)
    CAN1_RX0_IRQHandler                      0x0800034b   Thumb Code     0  startup_stm32f40_41xxx.o(.text)
    CAN1_RX1_IRQHandler                      0x0800034b   Thumb Code     0  startup_stm32f40_41xxx.o(.text)
    CAN1_SCE_IRQHandler                      0x0800034b   Thumb Code     0  startup_stm32f40_41xxx.o(.text)
    CAN1_TX_IRQHandler                       0x0800034b   Thumb Code     0  startup_stm32f40_41xxx.o(.text)
    CAN2_RX0_IRQHandler                      0x0800034b   Thumb Code     0  startup_stm32f40_41xxx.o(.text)
    CAN2_RX1_IRQHandler                      0x0800034b   Thumb Code     0  startup_stm32f40_41xxx.o(.text)
    CAN2_SCE_IRQHandler                      0x0800034b   Thumb Code     0  startup_stm32f40_41xxx.o(.text)
    CAN2_TX_IRQHandler                       0x0800034b   Thumb Code     0  startup_stm32f40_41xxx.o(.text)
    CRYP_IRQHandler                          0x0800034b   Thumb Code     0  startup_stm32f40_41xxx.o(.text)
    DCMI_IRQHandler                          0x0800034b   Thumb Code     0  startup_stm32f40_41xxx.o(.text)
    DMA1_Stream0_IRQHandler                  0x0800034b   Thumb Code     0  startup_stm32f40_41xxx.o(.text)
    DMA1_Stream1_IRQHandler                  0x0800034b   Thumb Code     0  startup_stm32f40_41xxx.o(.text)
    DMA1_Stream2_IRQHandler                  0x0800034b   Thumb Code     0  startup_stm32f40_41xxx.o(.text)
    DMA1_Stream3_IRQHandler                  0x0800034b   Thumb Code     0  startup_stm32f40_41xxx.o(.text)
    DMA1_Stream4_IRQHandler                  0x0800034b   Thumb Code     0  startup_stm32f40_41xxx.o(.text)
    DMA1_Stream5_IRQHandler                  0x0800034b   Thumb Code     0  startup_stm32f40_41xxx.o(.text)
    DMA1_Stream6_IRQHandler                  0x0800034b   Thumb Code     0  startup_stm32f40_41xxx.o(.text)
    DMA1_Stream7_IRQHandler                  0x0800034b   Thumb Code     0  startup_stm32f40_41xxx.o(.text)
    DMA2_Stream0_IRQHandler                  0x0800034b   Thumb Code     0  startup_stm32f40_41xxx.o(.text)
    DMA2_Stream1_IRQHandler                  0x0800034b   Thumb Code     0  startup_stm32f40_41xxx.o(.text)
    DMA2_Stream2_IRQHandler                  0x0800034b   Thumb Code     0  startup_stm32f40_41xxx.o(.text)
    DMA2_Stream3_IRQHandler                  0x0800034b   Thumb Code     0  startup_stm32f40_41xxx.o(.text)
    DMA2_Stream4_IRQHandler                  0x0800034b   Thumb Code     0  startup_stm32f40_41xxx.o(.text)
    DMA2_Stream5_IRQHandler                  0x0800034b   Thumb Code     0  startup_stm32f40_41xxx.o(.text)
    DMA2_Stream6_IRQHandler                  0x0800034b   Thumb Code     0  startup_stm32f40_41xxx.o(.text)
    DMA2_Stream7_IRQHandler                  0x0800034b   Thumb Code     0  startup_stm32f40_41xxx.o(.text)
    ETH_IRQHandler                           0x0800034b   Thumb Code     0  startup_stm32f40_41xxx.o(.text)
    ETH_WKUP_IRQHandler                      0x0800034b   Thumb Code     0  startup_stm32f40_41xxx.o(.text)
    EXTI0_IRQHandler                         0x0800034b   Thumb Code     0  startup_stm32f40_41xxx.o(.text)
    EXTI15_10_IRQHandler                     0x0800034b   Thumb Code     0  startup_stm32f40_41xxx.o(.text)
    EXTI1_IRQHandler                         0x0800034b   Thumb Code     0  startup_stm32f40_41xxx.o(.text)
    EXTI2_IRQHandler                         0x0800034b   Thumb Code     0  startup_stm32f40_41xxx.o(.text)
    EXTI3_IRQHandler                         0x0800034b   Thumb Code     0  startup_stm32f40_41xxx.o(.text)
    EXTI4_IRQHandler                         0x0800034b   Thumb Code     0  startup_stm32f40_41xxx.o(.text)
    EXTI9_5_IRQHandler                       0x0800034b   Thumb Code     0  startup_stm32f40_41xxx.o(.text)
    FLASH_IRQHandler                         0x0800034b   Thumb Code     0  startup_stm32f40_41xxx.o(.text)
    FPU_IRQHandler                           0x0800034b   Thumb Code     0  startup_stm32f40_41xxx.o(.text)
    FSMC_IRQHandler                          0x0800034b   Thumb Code     0  startup_stm32f40_41xxx.o(.text)
    HASH_RNG_IRQHandler                      0x0800034b   Thumb Code     0  startup_stm32f40_41xxx.o(.text)
    I2C1_ER_IRQHandler                       0x0800034b   Thumb Code     0  startup_stm32f40_41xxx.o(.text)
    I2C1_EV_IRQHandler                       0x0800034b   Thumb Code     0  startup_stm32f40_41xxx.o(.text)
    I2C2_ER_IRQHandler                       0x0800034b   Thumb Code     0  startup_stm32f40_41xxx.o(.text)
    I2C2_EV_IRQHandler                       0x0800034b   Thumb Code     0  startup_stm32f40_41xxx.o(.text)
    I2C3_ER_IRQHandler                       0x0800034b   Thumb Code     0  startup_stm32f40_41xxx.o(.text)
    I2C3_EV_IRQHandler                       0x0800034b   Thumb Code     0  startup_stm32f40_41xxx.o(.text)
    OTG_FS_IRQHandler                        0x0800034b   Thumb Code     0  startup_stm32f40_41xxx.o(.text)
    OTG_FS_WKUP_IRQHandler                   0x0800034b   Thumb Code     0  startup_stm32f40_41xxx.o(.text)
    OTG_HS_EP1_IN_IRQHandler                 0x0800034b   Thumb Code     0  startup_stm32f40_41xxx.o(.text)
    OTG_HS_EP1_OUT_IRQHandler                0x0800034b   Thumb Code     0  startup_stm32f40_41xxx.o(.text)
    OTG_HS_IRQHandler                        0x0800034b   Thumb Code     0  startup_stm32f40_41xxx.o(.text)
    OTG_HS_WKUP_IRQHandler                   0x0800034b   Thumb Code     0  startup_stm32f40_41xxx.o(.text)
    PVD_IRQHandler                           0x0800034b   Thumb Code     0  startup_stm32f40_41xxx.o(.text)
    RCC_IRQHandler                           0x0800034b   Thumb Code     0  startup_stm32f40_41xxx.o(.text)
    RTC_Alarm_IRQHandler                     0x0800034b   Thumb Code     0  startup_stm32f40_41xxx.o(.text)
    RTC_WKUP_IRQHandler                      0x0800034b   Thumb Code     0  startup_stm32f40_41xxx.o(.text)
    SDIO_IRQHandler                          0x0800034b   Thumb Code     0  startup_stm32f40_41xxx.o(.text)
    SPI1_IRQHandler                          0x0800034b   Thumb Code     0  startup_stm32f40_41xxx.o(.text)
    SPI2_IRQHandler                          0x0800034b   Thumb Code     0  startup_stm32f40_41xxx.o(.text)
    SPI3_IRQHandler                          0x0800034b   Thumb Code     0  startup_stm32f40_41xxx.o(.text)
    TAMP_STAMP_IRQHandler                    0x0800034b   Thumb Code     0  startup_stm32f40_41xxx.o(.text)
    TIM1_BRK_TIM9_IRQHandler                 0x0800034b   Thumb Code     0  startup_stm32f40_41xxx.o(.text)
    TIM1_CC_IRQHandler                       0x0800034b   Thumb Code     0  startup_stm32f40_41xxx.o(.text)
    TIM1_TRG_COM_TIM11_IRQHandler            0x0800034b   Thumb Code     0  startup_stm32f40_41xxx.o(.text)
    TIM1_UP_TIM10_IRQHandler                 0x0800034b   Thumb Code     0  startup_stm32f40_41xxx.o(.text)
    TIM2_IRQHandler                          0x0800034b   Thumb Code     0  startup_stm32f40_41xxx.o(.text)
    TIM3_IRQHandler                          0x0800034b   Thumb Code     0  startup_stm32f40_41xxx.o(.text)
    TIM4_IRQHandler                          0x0800034b   Thumb Code     0  startup_stm32f40_41xxx.o(.text)
    TIM5_IRQHandler                          0x0800034b   Thumb Code     0  startup_stm32f40_41xxx.o(.text)
    TIM6_DAC_IRQHandler                      0x0800034b   Thumb Code     0  startup_stm32f40_41xxx.o(.text)
    TIM7_IRQHandler                          0x0800034b   Thumb Code     0  startup_stm32f40_41xxx.o(.text)
    TIM8_BRK_TIM12_IRQHandler                0x0800034b   Thumb Code     0  startup_stm32f40_41xxx.o(.text)
    TIM8_CC_IRQHandler                       0x0800034b   Thumb Code     0  startup_stm32f40_41xxx.o(.text)
    TIM8_TRG_COM_TIM14_IRQHandler            0x0800034b   Thumb Code     0  startup_stm32f40_41xxx.o(.text)
    TIM8_UP_TIM13_IRQHandler                 0x0800034b   Thumb Code     0  startup_stm32f40_41xxx.o(.text)
    UART4_IRQHandler                         0x0800034b   Thumb Code     0  startup_stm32f40_41xxx.o(.text)
    UART5_IRQHandler                         0x0800034b   Thumb Code     0  startup_stm32f40_41xxx.o(.text)
    USART1_IRQHandler                        0x0800034b   Thumb Code     0  startup_stm32f40_41xxx.o(.text)
    USART2_IRQHandler                        0x0800034b   Thumb Code     0  startup_stm32f40_41xxx.o(.text)
    USART3_IRQHandler                        0x0800034b   Thumb Code     0  startup_stm32f40_41xxx.o(.text)
    USART6_IRQHandler                        0x0800034b   Thumb Code     0  startup_stm32f40_41xxx.o(.text)
    WWDG_IRQHandler                          0x0800034b   Thumb Code     0  startup_stm32f40_41xxx.o(.text)
    __user_initial_stackheap                 0x0800034d   Thumb Code     0  startup_stm32f40_41xxx.o(.text)
    printf                                   0x08000371   Thumb Code    20  printf.o(.text)
    memcmp                                   0x08000389   Thumb Code    88  memcmp.o(.text)
    strcmp                                   0x080003e1   Thumb Code   124  strcmpv7em.o(.text)
    __use_two_region_memory                  0x0800045d   Thumb Code     2  heapauxi.o(.text)
    __rt_heap_escrow                         0x0800045f   Thumb Code     2  heapauxi.o(.text)
    __rt_heap_expand                         0x08000461   Thumb Code     2  heapauxi.o(.text)
    __read_errno                             0x08000463   Thumb Code    10  _rserrno.o(.text)
    __set_errno                              0x0800046d   Thumb Code    12  _rserrno.o(.text)
    _printf_pre_padding                      0x08000479   Thumb Code    44  _printf_pad.o(.text)
    _printf_post_padding                     0x080004a5   Thumb Code    34  _printf_pad.o(.text)
    _printf_truncate_signed                  0x080004c7   Thumb Code    18  _printf_truncate.o(.text)
    _printf_truncate_unsigned                0x080004d9   Thumb Code    18  _printf_truncate.o(.text)
    _printf_str                              0x080004eb   Thumb Code    82  _printf_str.o(.text)
    _printf_int_dec                          0x0800053d   Thumb Code   104  _printf_dec.o(.text)
    _printf_charcount                        0x080005b5   Thumb Code    40  _printf_charcount.o(.text)
    _printf_char_common                      0x080005e7   Thumb Code    32  _printf_char_common.o(.text)
    _printf_char_file                        0x0800060d   Thumb Code    32  _printf_char_file.o(.text)
    _printf_wctomb                           0x08000631   Thumb Code   182  _printf_wctomb.o(.text)
    _printf_longlong_dec                     0x080006ed   Thumb Code   108  _printf_longlong_dec.o(.text)
    _printf_longlong_oct                     0x08000769   Thumb Code    68  _printf_oct_int_ll.o(.text)
    _printf_int_oct                          0x080007ad   Thumb Code    24  _printf_oct_int_ll.o(.text)
    _printf_ll_oct                           0x080007c5   Thumb Code    12  _printf_oct_int_ll.o(.text)
    _printf_longlong_hex                     0x080007d9   Thumb Code    86  _printf_hex_int_ll_ptr.o(.text)
    _printf_int_hex                          0x0800082f   Thumb Code    28  _printf_hex_int_ll_ptr.o(.text)
    _printf_ll_hex                           0x0800084b   Thumb Code    12  _printf_hex_int_ll_ptr.o(.text)
    _printf_hex_ptr                          0x08000857   Thumb Code    18  _printf_hex_int_ll_ptr.o(.text)
    __printf                                 0x0800086d   Thumb Code   388  __printf_flags_ss_wp.o(.text)
    _fseek                                   0x080009f5   Thumb Code   242  fseek.o(.text)
    fseek                                    0x080009f5   Thumb Code     0  fseek.o(.text)
    _seterr                                  0x08000aed   Thumb Code    20  stdio.o(.text)
    _writebuf                                0x08000b01   Thumb Code   108  stdio.o(.text)
    _fflush                                  0x08000b6d   Thumb Code    70  stdio.o(.text)
    _deferredlazyseek                        0x08000bb3   Thumb Code    60  stdio.o(.text)
    _initio                                  0x08000bf5   Thumb Code   210  initio.o(.text)
    _terminateio                             0x08000cc7   Thumb Code    56  initio.o(.text)
    __aeabi_memclr4                          0x08000d2d   Thumb Code     0  rt_memclr_w.o(.text)
    __aeabi_memclr8                          0x08000d2d   Thumb Code     0  rt_memclr_w.o(.text)
    __rt_memclr_w                            0x08000d2d   Thumb Code     0  rt_memclr_w.o(.text)
    _memset_w                                0x08000d31   Thumb Code    74  rt_memclr_w.o(.text)
    _sys_open                                0x08000d7b   Thumb Code    20  sys_io.o(.text)
    _sys_close                               0x08000d8f   Thumb Code    12  sys_io.o(.text)
    _sys_write                               0x08000d9b   Thumb Code    16  sys_io.o(.text)
    _sys_read                                0x08000dab   Thumb Code    14  sys_io.o(.text)
    _sys_istty                               0x08000db9   Thumb Code    12  sys_io.o(.text)
    _sys_seek                                0x08000dc5   Thumb Code    14  sys_io.o(.text)
    _sys_ensure                              0x08000dd3   Thumb Code     2  sys_io.o(.text)
    _sys_flen                                0x08000dd5   Thumb Code    12  sys_io.o(.text)
    __aeabi_errno_addr                       0x08000de1   Thumb Code     8  rt_errno_addr_intlibspace.o(.text)
    __errno$intlibspace                      0x08000de1   Thumb Code     0  rt_errno_addr_intlibspace.o(.text)
    __rt_errno_addr$intlibspace              0x08000de1   Thumb Code     0  rt_errno_addr_intlibspace.o(.text)
    free                                     0x08000de9   Thumb Code    78  h1_free.o(.text)
    _ll_udiv10                               0x08000e37   Thumb Code   138  lludiv10.o(.text)
    _printf_int_common                       0x08000ec1   Thumb Code   178  _printf_intcommon.o(.text)
    _printf_fp_dec_real                      0x08001123   Thumb Code   620  _printf_fp_dec.o(.text)
    _printf_fp_hex_real                      0x08001391   Thumb Code   756  _printf_fp_hex.o(.text)
    _printf_cs_common                        0x0800168d   Thumb Code    20  _printf_char.o(.text)
    _printf_char                             0x080016a1   Thumb Code    16  _printf_char.o(.text)
    _printf_string                           0x080016b1   Thumb Code     8  _printf_char.o(.text)
    _printf_lcs_common                       0x080016b9   Thumb Code    20  _printf_wchar.o(.text)
    _printf_wchar                            0x080016cd   Thumb Code    16  _printf_wchar.o(.text)
    _printf_wstring                          0x080016dd   Thumb Code     8  _printf_wchar.o(.text)
    ferror                                   0x080016e5   Thumb Code     8  ferror.o(.text)
    _ftell_internal                          0x080016ed   Thumb Code    66  ftell.o(.text)
    ftell                                    0x080016ed   Thumb Code     0  ftell.o(.text)
    setvbuf                                  0x0800172f   Thumb Code    70  setvbuf.o(.text)
    freopen                                  0x08001775   Thumb Code   160  fopen.o(.text)
    fopen                                    0x08001815   Thumb Code    74  fopen.o(.text)
    _fclose_internal                         0x08001865   Thumb Code    76  fclose.o(.text)
    fclose                                   0x08001865   Thumb Code     0  fclose.o(.text)
    _c16rtomb                                0x080018b1   Thumb Code    72  _c16rtomb.o(.text)
    _wcrtomb                                 0x080018b1   Thumb Code     0  _c16rtomb.o(.text)
    __rt_SIGRTRED                            0x080018f9   Thumb Code    14  defsig_rtred_outer.o(.text)
    __user_libspace                          0x08001909   Thumb Code     8  libspace.o(.text)
    __user_perproc_libspace                  0x08001909   Thumb Code     0  libspace.o(.text)
    __user_perthread_libspace                0x08001909   Thumb Code     0  libspace.o(.text)
    __I$use$semihosting                      0x08001911   Thumb Code     0  use_no_semi.o(.text)
    __use_no_semihosting_swi                 0x08001911   Thumb Code     2  use_no_semi.o(.text)
    __semihosting_library_function           0x08001913   Thumb Code     0  indicate_semi.o(.text)
    __user_setup_stackheap                   0x08001913   Thumb Code    74  sys_stackheap_outer.o(.text)
    __rt_ctype_table                         0x0800195d   Thumb Code    16  rt_ctype_table.o(.text)
    __rt_heap_descriptor                     0x0800196d   Thumb Code     8  rt_heap_descriptor_intlibspace.o(.text)
    __rt_locale                              0x08001975   Thumb Code     8  rt_locale_intlibspace.o(.text)
    __use_no_heap                            0x0800197d   Thumb Code     2  hguard.o(.text)
    __heap$guard                             0x0800197f   Thumb Code     2  hguard.o(.text)
    _terminate_user_alloc                    0x08001981   Thumb Code     2  init_alloc.o(.text)
    _init_user_alloc                         0x08001983   Thumb Code     2  init_alloc.o(.text)
    __Heap_Full                              0x08001985   Thumb Code    34  init_alloc.o(.text)
    __Heap_Broken                            0x080019a7   Thumb Code     6  init_alloc.o(.text)
    _init_alloc                              0x080019ad   Thumb Code    94  init_alloc.o(.text)
    malloc                                   0x08001a0b   Thumb Code    94  h1_alloc.o(.text)
    _printf_fp_infnan                        0x08001a69   Thumb Code   112  _printf_fp_infnan.o(.text)
    _btod_etento                             0x08001ae9   Thumb Code   224  bigflt0.o(.text)
    exit                                     0x08001bcd   Thumb Code    18  exit.o(.text)
    __sig_exit                               0x08001bdf   Thumb Code    10  defsig_exit.o(.text)
    __rt_SIGRTRED_inner                      0x08001be9   Thumb Code    14  defsig_rtred_inner.o(.text)
    strlen                                   0x08001c1d   Thumb Code    62  strlen.o(.text)
    _sys_exit                                0x08001c5d   Thumb Code     8  sys_exit.o(.text)
    __Heap_Initialize                        0x08001c69   Thumb Code     8  h1_init.o(.text)
    _maybe_terminate_alloc                   0x08001c69   Thumb Code     0  maybetermalloc1.o(.text)
    __Heap_DescSize                          0x08001c71   Thumb Code     4  h1_init.o(.text)
    __Heap_ProvideMemory                     0x08001c75   Thumb Code    52  h1_extend.o(.text)
    __default_signal_display                 0x08001ca9   Thumb Code    50  defsig_general.o(.text)
    __rt_SIGRTMEM                            0x08001cdb   Thumb Code    14  defsig_rtmem_outer.o(.text)
    _ttywrch                                 0x08001ce9   Thumb Code    14  sys_wrch.o(.text)
    __rt_SIGRTMEM_inner                      0x08001cf9   Thumb Code    22  defsig_rtmem_inner.o(.text)
    BusFault_Handler                         0x08001d49   Thumb Code     4  stm32f4xx_it.o(.text.BusFault_Handler)
    DebugMon_Handler                         0x08001d4d   Thumb Code     2  stm32f4xx_it.o(.text.DebugMon_Handler)
    Device_Registration                      0x08001d51   Thumb Code   190  dev_frame.o(.text.Device_Registration)
    HardFault_Handler                        0x08001e11   Thumb Code     4  stm32f4xx_it.o(.text.HardFault_Handler)
    MemManage_Handler                        0x08001e15   Thumb Code     4  stm32f4xx_it.o(.text.MemManage_Handler)
    NMI_Handler                              0x08001e19   Thumb Code     2  stm32f4xx_it.o(.text.NMI_Handler)
    PendSV_Handler                           0x08001e89   Thumb Code     2  stm32f4xx_it.o(.text.PendSV_Handler)
    SVC_Handler                              0x08001e8d   Thumb Code     2  stm32f4xx_it.o(.text.SVC_Handler)
    Soft_IIC_Ack                             0x08001fc5   Thumb Code    50  df_iic.o(.text.Soft_IIC_Ack)
    Soft_IIC_Init                            0x08001ff9   Thumb Code    44  df_iic.o(.text.Soft_IIC_Init)
    Soft_IIC_NAck                            0x08002025   Thumb Code    52  df_iic.o(.text.Soft_IIC_NAck)
    Soft_IIC_Read_Len                        0x08002059   Thumb Code   204  df_iic.o(.text.Soft_IIC_Read_Len)
    Soft_IIC_Receive_Byte                    0x08002125   Thumb Code   136  df_iic.o(.text.Soft_IIC_Receive_Byte)
    Soft_IIC_Send_Byte                       0x080021ad   Thumb Code   100  df_iic.o(.text.Soft_IIC_Send_Byte)
    Soft_IIC_Start                           0x08002211   Thumb Code    52  df_iic.o(.text.Soft_IIC_Start)
    Soft_IIC_Stop                            0x08002245   Thumb Code    52  df_iic.o(.text.Soft_IIC_Stop)
    Soft_IIC_Wait_Ack                        0x08002279   Thumb Code   110  df_iic.o(.text.Soft_IIC_Wait_Ack)
    Soft_IIC_Write_Len                       0x080022e9   Thumb Code   174  df_iic.o(.text.Soft_IIC_Write_Len)
    SysTick_Handler                          0x08002399   Thumb Code     2  stm32f4xx_it.o(.text.SysTick_Handler)
    SystemInit                               0x0800239d   Thumb Code   116  system_stm32f4xx.o(.text.SystemInit)
    USART1_Init                              0x08002411   Thumb Code   236  usart.o(.text.USART1_Init)
    USART1_ReceiveChar                       0x080024fd   Thumb Code    50  usart.o(.text.USART1_ReceiveChar)
    USART1_SendChar                          0x08002531   Thumb Code    46  usart.o(.text.USART1_SendChar)
    USART1_SendString                        0x08002561   Thumb Code    34  usart.o(.text.USART1_SendString)
    UsageFault_Handler                       0x08002585   Thumb Code     4  stm32f4xx_it.o(.text.UsageFault_Handler)
    delay_ms                                 0x080026d5   Thumb Code    64  delay.o(.text.delay_ms)
    delay_us                                 0x08002715   Thumb Code    60  delay.o(.text.delay_us)
    dmp_enable_6x_lp_quat                    0x08002751   Thumb Code    70  inv_mpu_dmp_motion_driver.o(.text.dmp_enable_6x_lp_quat)
    dmp_enable_feature                       0x08002799   Thumb Code   682  inv_mpu_dmp_motion_driver.o(.text.dmp_enable_feature)
    dmp_enable_gyro_cal                      0x08002a45   Thumb Code   106  inv_mpu_dmp_motion_driver.o(.text.dmp_enable_gyro_cal)
    dmp_enable_lp_quat                       0x08002ab1   Thumb Code    70  inv_mpu_dmp_motion_driver.o(.text.dmp_enable_lp_quat)
    dmp_load_motion_driver_firmware          0x08002af9   Thumb Code    26  inv_mpu_dmp_motion_driver.o(.text.dmp_load_motion_driver_firmware)
    dmp_read_fifo                            0x08002b15   Thumb Code   466  inv_mpu_dmp_motion_driver.o(.text.dmp_read_fifo)
    dmp_set_fifo_rate                        0x08002ce9   Thumb Code   164  inv_mpu_dmp_motion_driver.o(.text.dmp_set_fifo_rate)
    dmp_set_orientation                      0x08002d8d   Thumb Code   432  inv_mpu_dmp_motion_driver.o(.text.dmp_set_orientation)
    dmp_set_shake_reject_thresh              0x08002f3d   Thumb Code    86  inv_mpu_dmp_motion_driver.o(.text.dmp_set_shake_reject_thresh)
    dmp_set_shake_reject_time                0x08002f95   Thumb Code    60  inv_mpu_dmp_motion_driver.o(.text.dmp_set_shake_reject_time)
    dmp_set_shake_reject_timeout             0x08002fd1   Thumb Code    60  inv_mpu_dmp_motion_driver.o(.text.dmp_set_shake_reject_timeout)
    dmp_set_tap_axes                         0x0800300d   Thumb Code   108  inv_mpu_dmp_motion_driver.o(.text.dmp_set_tap_axes)
    dmp_set_tap_count                        0x08003079   Thumb Code    74  inv_mpu_dmp_motion_driver.o(.text.dmp_set_tap_count)
    dmp_set_tap_thresh                       0x080030c5   Thumb Code   556  inv_mpu_dmp_motion_driver.o(.text.dmp_set_tap_thresh)
    dmp_set_tap_time                         0x08003315   Thumb Code    62  inv_mpu_dmp_motion_driver.o(.text.dmp_set_tap_time)
    dmp_set_tap_time_multi                   0x08003355   Thumb Code    62  inv_mpu_dmp_motion_driver.o(.text.dmp_set_tap_time_multi)
    fputc                                    0x08003395   Thumb Code    48  usart.o(.text.fputc)
    iic1_pins_config                         0x080033c5   Thumb Code   178  i2c_bus.o(.text.iic1_pins_config)
    iic1_read_sda                            0x08003479   Thumb Code    16  i2c_bus.o(.text.iic1_read_sda)
    iic1_scl                                 0x08003489   Thumb Code    50  i2c_bus.o(.text.iic1_scl)
    iic1_sda                                 0x080034bd   Thumb Code    50  i2c_bus.o(.text.iic1_sda)
    iic1_sda_in                              0x080034f1   Thumb Code    42  i2c_bus.o(.text.iic1_sda_in)
    iic1_sda_out                             0x0800351d   Thumb Code    42  i2c_bus.o(.text.iic1_sda_out)
    inv_orientation_matrix_to_scalar         0x08003549   Thumb Code    68  inv_mpu.o(.text.inv_orientation_matrix_to_scalar)
    inv_row_2_scale                          0x0800358d   Thumb Code   156  inv_mpu.o(.text.inv_row_2_scale)
    led_init                                 0x08003629   Thumb Code   134  led.o(.text.led_init)
    led_off                                  0x080036b1   Thumb Code    36  led.o(.text.led_off)
    led_on                                   0x080036d5   Thumb Code    38  led.o(.text.led_on)
    led_toggle                               0x080036fd   Thumb Code    42  led.o(.text.led_toggle)
    main                                     0x08003729   Thumb Code    86  main.o(.text.main)
    mget_ms                                  0x08003781   Thumb Code     8  inv_mpu.o(.text.mget_ms)
    mpu6050_i2c_read                         0x08003789   Thumb Code    54  i2c_dev.o(.text.mpu6050_i2c_read)
    mpu6050_i2c_write                        0x080037c1   Thumb Code    54  i2c_dev.o(.text.mpu6050_i2c_write)
    mpu_configure_fifo                       0x080037f9   Thumb Code   210  inv_mpu.o(.text.mpu_configure_fifo)
    mpu_dmp_get_data                         0x080038d1   Thumb Code   576  inv_mpu.o(.text.mpu_dmp_get_data)
    mpu_dmp_init                             0x08003b1d   Thumb Code   276  inv_mpu.o(.text.mpu_dmp_init)
    mpu_get_accel_fsr                        0x08003c31   Thumb Code   108  inv_mpu.o(.text.mpu_get_accel_fsr)
    mpu_init                                 0x08003c9d   Thumb Code   600  inv_mpu.o(.text.mpu_init)
    mpu_load_firmware                        0x08003ef5   Thumb Code   308  inv_mpu.o(.text.mpu_load_firmware)
    mpu_lp_accel_mode                        0x08004029   Thumb Code   298  inv_mpu.o(.text.mpu_lp_accel_mode)
    mpu_read_fifo_stream                     0x08004155   Thumb Code   296  inv_mpu.o(.text.mpu_read_fifo_stream)
    mpu_read_mem                             0x0800427d   Thumb Code   190  inv_mpu.o(.text.mpu_read_mem)
    mpu_reset_fifo                           0x0800433d   Thumb Code   672  inv_mpu.o(.text.mpu_reset_fifo)
    mpu_set_accel_fsr                        0x080045dd   Thumb Code   200  inv_mpu.o(.text.mpu_set_accel_fsr)
    mpu_set_bypass                           0x080046a5   Thumb Code   514  inv_mpu.o(.text.mpu_set_bypass)
    mpu_set_dmp_state                        0x080048a9   Thumb Code   208  inv_mpu.o(.text.mpu_set_dmp_state)
    mpu_set_gyro_fsr                         0x08004979   Thumb Code   208  inv_mpu.o(.text.mpu_set_gyro_fsr)
    mpu_set_int_latched                      0x08004a49   Thumb Code   184  inv_mpu.o(.text.mpu_set_int_latched)
    mpu_set_lpf                              0x08004b01   Thumb Code   226  inv_mpu.o(.text.mpu_set_lpf)
    mpu_set_sample_rate                      0x08004be5   Thumb Code   250  inv_mpu.o(.text.mpu_set_sample_rate)
    mpu_set_sensors                          0x08004ce1   Thumb Code   354  inv_mpu.o(.text.mpu_set_sensors)
    mpu_write_mem                            0x08004e45   Thumb Code   190  inv_mpu.o(.text.mpu_write_mem)
    nvic_init                                0x08004f05   Thumb Code    48  nvic.o(.text.nvic_init)
    usart1_init                              0x08005029   Thumb Code   124  usart.o(.text.usart1_init)
    usart1_receive                           0x080050a5   Thumb Code    52  usart.o(.text.usart1_receive)
    usart1_send                              0x080050d9   Thumb Code    18  usart.o(.text.usart1_send)
    usart1_start                             0x080050ed   Thumb Code    26  usart.o(.text.usart1_start)
    usart1_stop                              0x08005109   Thumb Code    26  usart.o(.text.usart1_stop)
    _btod_d2e                                0x08005123   Thumb Code    62  btod.o(CL$$btod_d2e)
    _d2e_denorm_low                          0x08005161   Thumb Code    70  btod.o(CL$$btod_d2e_denorm_low)
    _d2e_norm_op1                            0x080051a7   Thumb Code    96  btod.o(CL$$btod_d2e_norm_op1)
    __btod_div_common                        0x08005209   Thumb Code   696  btod.o(CL$$btod_div_common)
    _e2e                                     0x08005541   Thumb Code   220  btod.o(CL$$btod_e2e)
    _btod_ediv                               0x0800561d   Thumb Code    42  btod.o(CL$$btod_ediv)
    _btod_emul                               0x08005647   Thumb Code    42  btod.o(CL$$btod_emul)
    __btod_mult_common                       0x08005671   Thumb Code   580  btod.o(CL$$btod_mult_common)
    __ARM_fpclassify                         0x080058b5   Thumb Code    48  fpclassify.o(i.__ARM_fpclassify)
    __hardfp_asin                            0x080058e9   Thumb Code   770  asin.o(i.__hardfp_asin)
    __hardfp_atan                            0x08005c49   Thumb Code   622  atan.o(i.__hardfp_atan)
    __hardfp_atan2                           0x08005f21   Thumb Code   448  atan2.o(i.__hardfp_atan2)
    __kernel_poly                            0x08006121   Thumb Code   248  poly.o(i.__kernel_poly)
    __mathlib_dbl_infnan                     0x08006219   Thumb Code    20  dunder.o(i.__mathlib_dbl_infnan)
    __mathlib_dbl_infnan2                    0x0800622d   Thumb Code    20  dunder.o(i.__mathlib_dbl_infnan2)
    __mathlib_dbl_invalid                    0x08006241   Thumb Code    24  dunder.o(i.__mathlib_dbl_invalid)
    __mathlib_dbl_underflow                  0x08006261   Thumb Code    24  dunder.o(i.__mathlib_dbl_underflow)
    _is_digit                                0x08006281   Thumb Code    14  __printf_wp.o(i._is_digit)
    atan                                     0x0800628f   Thumb Code    16  atan.o(i.atan)
    fabs                                     0x0800629f   Thumb Code    24  fabs.o(i.fabs)
    sqrt                                     0x080062b7   Thumb Code   110  sqrt.o(i.sqrt)
    _get_lc_numeric                          0x08006325   Thumb Code    44  lc_numeric_c.o(locale$$code)
    _get_lc_ctype                            0x08006351   Thumb Code    44  lc_ctype_c.o(locale$$code)
    __aeabi_dneg                             0x0800637d   Thumb Code     0  basic.o(x$fpl$basic)
    _dneg                                    0x0800637d   Thumb Code     6  basic.o(x$fpl$basic)
    __aeabi_fneg                             0x08006383   Thumb Code     0  basic.o(x$fpl$basic)
    _fneg                                    0x08006383   Thumb Code     6  basic.o(x$fpl$basic)
    _dabs                                    0x08006389   Thumb Code     6  basic.o(x$fpl$basic)
    _fabs                                    0x0800638f   Thumb Code     6  basic.o(x$fpl$basic)
    __aeabi_d2f                              0x08006395   Thumb Code     0  d2f.o(x$fpl$d2f)
    _d2f                                     0x08006395   Thumb Code    98  d2f.o(x$fpl$d2f)
    __aeabi_dadd                             0x080063f9   Thumb Code     0  daddsub_clz.o(x$fpl$dadd)
    _dadd                                    0x080063f9   Thumb Code   332  daddsub_clz.o(x$fpl$dadd)
    __fpl_dcmp_Inf                           0x08006549   Thumb Code    24  dcmpi.o(x$fpl$dcmpinf)
    __aeabi_ddiv                             0x08006561   Thumb Code     0  ddiv.o(x$fpl$ddiv)
    _ddiv                                    0x08006561   Thumb Code   560  ddiv.o(x$fpl$ddiv)
    __aeabi_cdcmpeq                          0x08006819   Thumb Code     0  deqf.o(x$fpl$deqf)
    _dcmpeq                                  0x08006819   Thumb Code   120  deqf.o(x$fpl$deqf)
    __aeabi_dmul                             0x08006891   Thumb Code     0  dmul.o(x$fpl$dmul)
    _dmul                                    0x08006891   Thumb Code   332  dmul.o(x$fpl$dmul)
    __fpl_dnaninf                            0x080069e5   Thumb Code   156  dnaninf.o(x$fpl$dnaninf)
    __fpl_dretinf                            0x08006a81   Thumb Code    12  dretinf.o(x$fpl$dretinf)
    __aeabi_drsub                            0x08006a8d   Thumb Code     0  daddsub_clz.o(x$fpl$drsb)
    _drsb                                    0x08006a8d   Thumb Code    22  daddsub_clz.o(x$fpl$drsb)
    _dsqrt                                   0x08006aa5   Thumb Code   404  dsqrt_umaal.o(x$fpl$dsqrt)
    __aeabi_dsub                             0x08006c3d   Thumb Code     0  daddsub_clz.o(x$fpl$dsub)
    _dsub                                    0x08006c3d   Thumb Code   472  daddsub_clz.o(x$fpl$dsub)
    __aeabi_f2d                              0x08006e19   Thumb Code     0  f2d.o(x$fpl$f2d)
    _f2d                                     0x08006e19   Thumb Code    86  f2d.o(x$fpl$f2d)
    __fpl_fnaninf                            0x08006e6f   Thumb Code   140  fnaninf.o(x$fpl$fnaninf)
    _fp_init                                 0x08006efb   Thumb Code    26  fpinit.o(x$fpl$fpinit)
    __fplib_config_fpu_vfp                   0x08006f13   Thumb Code     0  fpinit.o(x$fpl$fpinit)
    __fplib_config_pureend_doubles           0x08006f13   Thumb Code     0  fpinit.o(x$fpl$fpinit)
    __fpl_fretinf                            0x08006f15   Thumb Code    10  fretinf.o(x$fpl$fretinf)
    _printf_fp_dec                           0x08006f1f   Thumb Code     4  printf1.o(x$fpl$printf1)
    _printf_fp_hex                           0x08006f23   Thumb Code     4  printf2.o(x$fpl$printf2)
    __I$use$fp                               0x08006f26   Number         0  usenofp.o(x$fpl$usenofp)
    __mathlib_zero                           0x08007058   Data           8  qnan.o(.constdata)
    __stdin_name                             0x08007060   Data           4  sys_io_names.o(.constdata)
    __stdout_name                            0x08007064   Data           4  sys_io_names.o(.constdata)
    __stderr_name                            0x08007068   Data           4  sys_io_names.o(.constdata)
    hw                                       0x08007d1e   Data          12  inv_mpu.o(.rodata.hw)
    reg                                      0x08007d2a   Data          27  inv_mpu.o(.rodata.reg)
    test                                     0x08007e9c   Data          40  inv_mpu.o(.rodata.test)
    Region$$Table$$Base                      0x08007ec4   Number         0  anon$$obj.o(Region$$Table)
    Region$$Table$$Limit                     0x08007ee4   Number         0  anon$$obj.o(Region$$Table)
    __ctype                                  0x08007f0d   Data           0  lc_ctype_c.o(locale$$data)
    __aeabi_stdin                            0x20000000   Data           4  stdio_streams.o(.data)
    __aeabi_stdout                           0x20000004   Data           4  stdio_streams.o(.data)
    __aeabi_stderr                           0x20000008   Data           4  stdio_streams.o(.data)
    Dev_info_poor                            0x2000000c   Data         176  init.o(.data.Dev_info_poor)
    SystemCoreClock                          0x200000bc   Data           4  system_stm32f4xx.o(.data.SystemCoreClock)
    debug                                    0x200000c0   Data          44  usart.o(.data.debug)
    delay                                    0x200000ec   Data          16  delay.o(.data.delay)
    i2c1_bus                                 0x20000108   Data          32  i2c_bus.o(.data.i2c1_bus)
    led                                      0x20000128   Data          24  led.o(.data.led)
    __stdin                                  0x20000170   Data          84  stdio_streams.o(.bss)
    __stdout                                 0x200001c4   Data          84  stdio_streams.o(.bss)
    __stderr                                 0x20000218   Data          84  stdio_streams.o(.bss)
    __libspace_start                         0x2000026c   Data          96  libspace.o(.bss)
    __temporary_stack_top$libspace           0x200002cc   Data           0  libspace.o(.bss)
    pitch                                    0x200002dc   Data           4  main.o(.bss.pitch)
    roll                                     0x200002e0   Data           4  main.o(.bss.roll)
    yaw                                      0x200002e4   Data           4  main.o(.bss.yaw)



==============================================================================

Memory Map of the image

  Image Entry point : 0x08000189

  Load Region LR_IROM1 (Base: 0x08000000, Size: 0x00008180, Max: 0x00080000, ABSOLUTE, COMPRESSED[0x000080d0])

    Execution Region ER_IROM1 (Exec base: 0x08000000, Load base: 0x08000000, Size: 0x00008010, Max: 0x00080000, ABSOLUTE)

    Exec Addr    Load Addr    Size         Type   Attr      Idx    E Section Name        Object

    0x08000000   0x08000000   0x00000188   Data   RO          526    RESET               startup_stm32f40_41xxx.o
    0x08000188   0x08000188   0x00000008   Code   RO          634  * !!!main             c_w.l(__main.o)
    0x08000190   0x08000190   0x0000005c   Code   RO         1262    !!!scatter          c_w.l(__scatter.o)
    0x080001ec   0x080001ec   0x0000003a   Code   RO         1260    !!dczerorl          c_w.l(__dczerorl.o)
    0x08000226   0x08000226   0x00000002   PAD
    0x08000228   0x08000228   0x00000002   Code   RO         1263    !!handler_null      c_w.l(__scatter.o)
    0x0800022a   0x0800022a   0x00000002   PAD
    0x0800022c   0x0800022c   0x0000001c   Code   RO         1266    !!handler_zi        c_w.l(__scatter_zi.o)
    0x08000248   0x08000248   0x00000000   Code   RO          765    .ARM.Collect$$_printf_percent$$00000000  c_w.l(_printf_percent.o)
    0x08000248   0x08000248   0x00000006   Code   RO          754    .ARM.Collect$$_printf_percent$$00000001  c_w.l(_printf_n.o)
    0x0800024e   0x0800024e   0x00000006   Code   RO          756    .ARM.Collect$$_printf_percent$$00000002  c_w.l(_printf_p.o)
    0x08000254   0x08000254   0x00000006   Code   RO          761    .ARM.Collect$$_printf_percent$$00000003  c_w.l(_printf_f.o)
    0x0800025a   0x0800025a   0x00000006   Code   RO          762    .ARM.Collect$$_printf_percent$$00000004  c_w.l(_printf_e.o)
    0x08000260   0x08000260   0x00000006   Code   RO          763    .ARM.Collect$$_printf_percent$$00000005  c_w.l(_printf_g.o)
    0x08000266   0x08000266   0x00000006   Code   RO          764    .ARM.Collect$$_printf_percent$$00000006  c_w.l(_printf_a.o)
    0x0800026c   0x0800026c   0x0000000a   Code   RO          769    .ARM.Collect$$_printf_percent$$00000007  c_w.l(_printf_ll.o)
    0x08000276   0x08000276   0x00000006   Code   RO          758    .ARM.Collect$$_printf_percent$$00000008  c_w.l(_printf_i.o)
    0x0800027c   0x0800027c   0x00000006   Code   RO          759    .ARM.Collect$$_printf_percent$$00000009  c_w.l(_printf_d.o)
    0x08000282   0x08000282   0x00000006   Code   RO          760    .ARM.Collect$$_printf_percent$$0000000A  c_w.l(_printf_u.o)
    0x08000288   0x08000288   0x00000006   Code   RO          757    .ARM.Collect$$_printf_percent$$0000000B  c_w.l(_printf_o.o)
    0x0800028e   0x0800028e   0x00000006   Code   RO          755    .ARM.Collect$$_printf_percent$$0000000C  c_w.l(_printf_x.o)
    0x08000294   0x08000294   0x00000006   Code   RO          766    .ARM.Collect$$_printf_percent$$0000000D  c_w.l(_printf_lli.o)
    0x0800029a   0x0800029a   0x00000006   Code   RO          767    .ARM.Collect$$_printf_percent$$0000000E  c_w.l(_printf_lld.o)
    0x080002a0   0x080002a0   0x00000006   Code   RO          768    .ARM.Collect$$_printf_percent$$0000000F  c_w.l(_printf_llu.o)
    0x080002a6   0x080002a6   0x00000006   Code   RO          773    .ARM.Collect$$_printf_percent$$00000010  c_w.l(_printf_llo.o)
    0x080002ac   0x080002ac   0x00000006   Code   RO          774    .ARM.Collect$$_printf_percent$$00000011  c_w.l(_printf_llx.o)
    0x080002b2   0x080002b2   0x0000000a   Code   RO          770    .ARM.Collect$$_printf_percent$$00000012  c_w.l(_printf_l.o)
    0x080002bc   0x080002bc   0x00000006   Code   RO          752    .ARM.Collect$$_printf_percent$$00000013  c_w.l(_printf_c.o)
    0x080002c2   0x080002c2   0x00000006   Code   RO          753    .ARM.Collect$$_printf_percent$$00000014  c_w.l(_printf_s.o)
    0x080002c8   0x080002c8   0x00000006   Code   RO          771    .ARM.Collect$$_printf_percent$$00000015  c_w.l(_printf_lc.o)
    0x080002ce   0x080002ce   0x00000006   Code   RO          772    .ARM.Collect$$_printf_percent$$00000016  c_w.l(_printf_ls.o)
    0x080002d4   0x080002d4   0x00000004   Code   RO          982    .ARM.Collect$$_printf_percent$$00000017  c_w.l(_printf_percent_end.o)
    0x080002d8   0x080002d8   0x00000002   Code   RO         1169    .ARM.Collect$$libinit$$00000000  c_w.l(libinit.o)
    0x080002da   0x080002da   0x00000004   Code   RO         1009    .ARM.Collect$$libinit$$00000001  c_w.l(libinit2.o)
    0x080002de   0x080002de   0x00000000   Code   RO         1012    .ARM.Collect$$libinit$$00000004  c_w.l(libinit2.o)
    0x080002de   0x080002de   0x00000000   Code   RO         1014    .ARM.Collect$$libinit$$00000006  c_w.l(libinit2.o)
    0x080002de   0x080002de   0x00000008   Code   RO         1015    .ARM.Collect$$libinit$$00000007  c_w.l(libinit2.o)
    0x080002e6   0x080002e6   0x00000000   Code   RO         1017    .ARM.Collect$$libinit$$0000000C  c_w.l(libinit2.o)
    0x080002e6   0x080002e6   0x00000000   Code   RO         1019    .ARM.Collect$$libinit$$0000000E  c_w.l(libinit2.o)
    0x080002e6   0x080002e6   0x00000000   Code   RO         1021    .ARM.Collect$$libinit$$00000010  c_w.l(libinit2.o)
    0x080002e6   0x080002e6   0x00000006   Code   RO         1022    .ARM.Collect$$libinit$$00000011  c_w.l(libinit2.o)
    0x080002ec   0x080002ec   0x00000000   Code   RO         1024    .ARM.Collect$$libinit$$00000013  c_w.l(libinit2.o)
    0x080002ec   0x080002ec   0x0000000c   Code   RO         1025    .ARM.Collect$$libinit$$00000014  c_w.l(libinit2.o)
    0x080002f8   0x080002f8   0x00000000   Code   RO         1026    .ARM.Collect$$libinit$$00000015  c_w.l(libinit2.o)
    0x080002f8   0x080002f8   0x00000000   Code   RO         1028    .ARM.Collect$$libinit$$00000017  c_w.l(libinit2.o)
    0x080002f8   0x080002f8   0x0000000a   Code   RO         1029    .ARM.Collect$$libinit$$00000018  c_w.l(libinit2.o)
    0x08000302   0x08000302   0x00000000   Code   RO         1030    .ARM.Collect$$libinit$$00000019  c_w.l(libinit2.o)
    0x08000302   0x08000302   0x00000000   Code   RO         1032    .ARM.Collect$$libinit$$0000001B  c_w.l(libinit2.o)
    0x08000302   0x08000302   0x00000000   Code   RO         1034    .ARM.Collect$$libinit$$0000001D  c_w.l(libinit2.o)
    0x08000302   0x08000302   0x00000000   Code   RO         1036    .ARM.Collect$$libinit$$0000001F  c_w.l(libinit2.o)
    0x08000302   0x08000302   0x00000000   Code   RO         1038    .ARM.Collect$$libinit$$00000021  c_w.l(libinit2.o)
    0x08000302   0x08000302   0x00000000   Code   RO         1040    .ARM.Collect$$libinit$$00000023  c_w.l(libinit2.o)
    0x08000302   0x08000302   0x00000000   Code   RO         1042    .ARM.Collect$$libinit$$00000025  c_w.l(libinit2.o)
    0x08000302   0x08000302   0x00000004   Code   RO         1043    .ARM.Collect$$libinit$$00000026  c_w.l(libinit2.o)
    0x08000306   0x08000306   0x00000000   Code   RO         1044    .ARM.Collect$$libinit$$00000027  c_w.l(libinit2.o)
    0x08000306   0x08000306   0x00000000   Code   RO         1048    .ARM.Collect$$libinit$$0000002E  c_w.l(libinit2.o)
    0x08000306   0x08000306   0x00000000   Code   RO         1050    .ARM.Collect$$libinit$$00000030  c_w.l(libinit2.o)
    0x08000306   0x08000306   0x00000000   Code   RO         1052    .ARM.Collect$$libinit$$00000032  c_w.l(libinit2.o)
    0x08000306   0x08000306   0x00000000   Code   RO         1054    .ARM.Collect$$libinit$$00000034  c_w.l(libinit2.o)
    0x08000306   0x08000306   0x00000002   Code   RO         1055    .ARM.Collect$$libinit$$00000035  c_w.l(libinit2.o)
    0x08000308   0x08000308   0x00000002   Code   RO         1257    .ARM.Collect$$libshutdown$$00000000  c_w.l(libshutdown.o)
    0x0800030a   0x0800030a   0x00000000   Code   RO         1057    .ARM.Collect$$libshutdown$$00000002  c_w.l(libshutdown2.o)
    0x0800030a   0x0800030a   0x00000004   Code   RO         1058    .ARM.Collect$$libshutdown$$00000003  c_w.l(libshutdown2.o)
    0x0800030e   0x0800030e   0x00000000   Code   RO         1059    .ARM.Collect$$libshutdown$$00000004  c_w.l(libshutdown2.o)
    0x0800030e   0x0800030e   0x00000000   Code   RO         1062    .ARM.Collect$$libshutdown$$00000007  c_w.l(libshutdown2.o)
    0x0800030e   0x0800030e   0x00000000   Code   RO         1065    .ARM.Collect$$libshutdown$$0000000A  c_w.l(libshutdown2.o)
    0x0800030e   0x0800030e   0x00000000   Code   RO         1067    .ARM.Collect$$libshutdown$$0000000C  c_w.l(libshutdown2.o)
    0x0800030e   0x0800030e   0x00000000   Code   RO         1070    .ARM.Collect$$libshutdown$$0000000F  c_w.l(libshutdown2.o)
    0x0800030e   0x0800030e   0x00000002   Code   RO         1071    .ARM.Collect$$libshutdown$$00000010  c_w.l(libshutdown2.o)
    0x08000310   0x08000310   0x00000000   Code   RO          673    .ARM.Collect$$rtentry$$00000000  c_w.l(__rtentry.o)
    0x08000310   0x08000310   0x00000000   Code   RO          888    .ARM.Collect$$rtentry$$00000002  c_w.l(__rtentry2.o)
    0x08000310   0x08000310   0x00000006   Code   RO          900    .ARM.Collect$$rtentry$$00000004  c_w.l(__rtentry4.o)
    0x08000316   0x08000316   0x00000000   Code   RO          890    .ARM.Collect$$rtentry$$00000009  c_w.l(__rtentry2.o)
    0x08000316   0x08000316   0x00000004   Code   RO          891    .ARM.Collect$$rtentry$$0000000A  c_w.l(__rtentry2.o)
    0x0800031a   0x0800031a   0x00000000   Code   RO          893    .ARM.Collect$$rtentry$$0000000C  c_w.l(__rtentry2.o)
    0x0800031a   0x0800031a   0x00000008   Code   RO          894    .ARM.Collect$$rtentry$$0000000D  c_w.l(__rtentry2.o)
    0x08000322   0x08000322   0x00000002   Code   RO         1178    .ARM.Collect$$rtexit$$00000000  c_w.l(rtexit.o)
    0x08000324   0x08000324   0x00000000   Code   RO         1223    .ARM.Collect$$rtexit$$00000002  c_w.l(rtexit2.o)
    0x08000324   0x08000324   0x00000004   Code   RO         1224    .ARM.Collect$$rtexit$$00000003  c_w.l(rtexit2.o)
    0x08000328   0x08000328   0x00000006   Code   RO         1225    .ARM.Collect$$rtexit$$00000004  c_w.l(rtexit2.o)
    0x0800032e   0x0800032e   0x00000002   PAD
    0x08000330   0x08000330   0x00000040   Code   RO          527    .text               startup_stm32f40_41xxx.o
    0x08000370   0x08000370   0x00000018   Code   RO          607    .text               c_w.l(printf.o)
    0x08000388   0x08000388   0x00000058   Code   RO          624    .text               c_w.l(memcmp.o)
    0x080003e0   0x080003e0   0x0000007c   Code   RO          630    .text               c_w.l(strcmpv7em.o)
    0x0800045c   0x0800045c   0x00000006   Code   RO          632    .text               c_w.l(heapauxi.o)
    0x08000462   0x08000462   0x00000016   Code   RO          680    .text               c_w.l(_rserrno.o)
    0x08000478   0x08000478   0x0000004e   Code   RO          684    .text               c_w.l(_printf_pad.o)
    0x080004c6   0x080004c6   0x00000024   Code   RO          686    .text               c_w.l(_printf_truncate.o)
    0x080004ea   0x080004ea   0x00000052   Code   RO          688    .text               c_w.l(_printf_str.o)
    0x0800053c   0x0800053c   0x00000078   Code   RO          690    .text               c_w.l(_printf_dec.o)
    0x080005b4   0x080005b4   0x00000028   Code   RO          692    .text               c_w.l(_printf_charcount.o)
    0x080005dc   0x080005dc   0x00000030   Code   RO          694    .text               c_w.l(_printf_char_common.o)
    0x0800060c   0x0800060c   0x00000024   Code   RO          698    .text               c_w.l(_printf_char_file.o)
    0x08000630   0x08000630   0x000000bc   Code   RO          700    .text               c_w.l(_printf_wctomb.o)
    0x080006ec   0x080006ec   0x0000007c   Code   RO          703    .text               c_w.l(_printf_longlong_dec.o)
    0x08000768   0x08000768   0x00000070   Code   RO          709    .text               c_w.l(_printf_oct_int_ll.o)
    0x080007d8   0x080007d8   0x00000094   Code   RO          729    .text               c_w.l(_printf_hex_int_ll_ptr.o)
    0x0800086c   0x0800086c   0x00000188   Code   RO          749    .text               c_w.l(__printf_flags_ss_wp.o)
    0x080009f4   0x080009f4   0x000000f8   Code   RO          775    .text               c_w.l(fseek.o)
    0x08000aec   0x08000aec   0x00000108   Code   RO          777    .text               c_w.l(stdio.o)
    0x08000bf4   0x08000bf4   0x00000138   Code   RO          780    .text               c_w.l(initio.o)
    0x08000d2c   0x08000d2c   0x0000004e   Code   RO          788    .text               c_w.l(rt_memclr_w.o)
    0x08000d7a   0x08000d7a   0x00000066   Code   RO          878    .text               c_w.l(sys_io.o)
    0x08000de0   0x08000de0   0x00000008   Code   RO          907    .text               c_w.l(rt_errno_addr_intlibspace.o)
    0x08000de8   0x08000de8   0x0000004e   Code   RO          911    .text               c_w.l(h1_free.o)
    0x08000e36   0x08000e36   0x0000008a   Code   RO          965    .text               c_w.l(lludiv10.o)
    0x08000ec0   0x08000ec0   0x000000b2   Code   RO          967    .text               c_w.l(_printf_intcommon.o)
    0x08000f72   0x08000f72   0x0000041c   Code   RO          969    .text               c_w.l(_printf_fp_dec.o)
    0x0800138e   0x0800138e   0x00000002   PAD
    0x08001390   0x08001390   0x000002fc   Code   RO          973    .text               c_w.l(_printf_fp_hex.o)
    0x0800168c   0x0800168c   0x0000002c   Code   RO          978    .text               c_w.l(_printf_char.o)
    0x080016b8   0x080016b8   0x0000002c   Code   RO          980    .text               c_w.l(_printf_wchar.o)
    0x080016e4   0x080016e4   0x00000008   Code   RO          983    .text               c_w.l(ferror.o)
    0x080016ec   0x080016ec   0x00000042   Code   RO          985    .text               c_w.l(ftell.o)
    0x0800172e   0x0800172e   0x00000046   Code   RO          987    .text               c_w.l(setvbuf.o)
    0x08001774   0x08001774   0x000000f0   Code   RO          989    .text               c_w.l(fopen.o)
    0x08001864   0x08001864   0x0000004c   Code   RO          991    .text               c_w.l(fclose.o)
    0x080018b0   0x080018b0   0x00000048   Code   RO          999    .text               c_w.l(_c16rtomb.o)
    0x080018f8   0x080018f8   0x0000000e   Code   RO         1001    .text               c_w.l(defsig_rtred_outer.o)
    0x08001906   0x08001906   0x00000002   PAD
    0x08001908   0x08001908   0x00000008   Code   RO         1076    .text               c_w.l(libspace.o)
    0x08001910   0x08001910   0x00000002   Code   RO         1079    .text               c_w.l(use_no_semi.o)
    0x08001912   0x08001912   0x00000000   Code   RO         1081    .text               c_w.l(indicate_semi.o)
    0x08001912   0x08001912   0x0000004a   Code   RO         1082    .text               c_w.l(sys_stackheap_outer.o)
    0x0800195c   0x0800195c   0x00000010   Code   RO         1084    .text               c_w.l(rt_ctype_table.o)
    0x0800196c   0x0800196c   0x00000008   Code   RO         1091    .text               c_w.l(rt_heap_descriptor_intlibspace.o)
    0x08001974   0x08001974   0x00000008   Code   RO         1096    .text               c_w.l(rt_locale_intlibspace.o)
    0x0800197c   0x0800197c   0x00000004   Code   RO         1098    .text               c_w.l(hguard.o)
    0x08001980   0x08001980   0x0000008a   Code   RO         1100    .text               c_w.l(init_alloc.o)
    0x08001a0a   0x08001a0a   0x0000005e   Code   RO         1106    .text               c_w.l(h1_alloc.o)
    0x08001a68   0x08001a68   0x00000080   Code   RO         1118    .text               c_w.l(_printf_fp_infnan.o)
    0x08001ae8   0x08001ae8   0x000000e4   Code   RO         1120    .text               c_w.l(bigflt0.o)
    0x08001bcc   0x08001bcc   0x00000012   Code   RO         1150    .text               c_w.l(exit.o)
    0x08001bde   0x08001bde   0x0000000a   Code   RO         1152    .text               c_w.l(defsig_exit.o)
    0x08001be8   0x08001be8   0x00000034   Code   RO         1158    .text               c_w.l(defsig_rtred_inner.o)
    0x08001c1c   0x08001c1c   0x0000003e   Code   RO         1160    .text               c_w.l(strlen.o)
    0x08001c5a   0x08001c5a   0x00000002   PAD
    0x08001c5c   0x08001c5c   0x0000000c   Code   RO         1174    .text               c_w.l(sys_exit.o)
    0x08001c68   0x08001c68   0x00000000   Code   RO         1180    .text               c_w.l(maybetermalloc1.o)
    0x08001c68   0x08001c68   0x0000000c   Code   RO         1182    .text               c_w.l(h1_init.o)
    0x08001c74   0x08001c74   0x00000034   Code   RO         1184    .text               c_w.l(h1_extend.o)
    0x08001ca8   0x08001ca8   0x00000032   Code   RO         1197    .text               c_w.l(defsig_general.o)
    0x08001cda   0x08001cda   0x0000000e   Code   RO         1201    .text               c_w.l(defsig_rtmem_outer.o)
    0x08001ce8   0x08001ce8   0x0000000e   Code   RO         1214    .text               c_w.l(sys_wrch.o)
    0x08001cf6   0x08001cf6   0x00000002   PAD
    0x08001cf8   0x08001cf8   0x00000050   Code   RO         1235    .text               c_w.l(defsig_rtmem_inner.o)
    0x08001d48   0x08001d48   0x00000004   Code   RO          491    .text.BusFault_Handler  stm32f4xx_it.o
    0x08001d4c   0x08001d4c   0x00000002   Code   RO          497    .text.DebugMon_Handler  stm32f4xx_it.o
    0x08001d4e   0x08001d4e   0x00000002   PAD
    0x08001d50   0x08001d50   0x000000be   Code   RO          421    .text.Device_Registration  dev_frame.o
    0x08001e0e   0x08001e0e   0x00000002   PAD
    0x08001e10   0x08001e10   0x00000004   Code   RO          487    .text.HardFault_Handler  stm32f4xx_it.o
    0x08001e14   0x08001e14   0x00000004   Code   RO          489    .text.MemManage_Handler  stm32f4xx_it.o
    0x08001e18   0x08001e18   0x00000002   Code   RO          485    .text.NMI_Handler   stm32f4xx_it.o
    0x08001e1a   0x08001e1a   0x00000002   PAD
    0x08001e1c   0x08001e1c   0x0000006c   Code   RO          379    .text.NVIC_EncodePriority  nvic.o
    0x08001e88   0x08001e88   0x00000002   Code   RO          499    .text.PendSV_Handler  stm32f4xx_it.o
    0x08001e8a   0x08001e8a   0x00000002   PAD
    0x08001e8c   0x08001e8c   0x00000002   Code   RO          495    .text.SVC_Handler   stm32f4xx_it.o
    0x08001e8e   0x08001e8e   0x00000002   PAD
    0x08001e90   0x08001e90   0x00000134   Code   RO          512    .text.SetSysClock   system_stm32f4xx.o
    0x08001fc4   0x08001fc4   0x00000032   Code   RO          441    .text.Soft_IIC_Ack  df_iic.o
    0x08001ff6   0x08001ff6   0x00000002   PAD
    0x08001ff8   0x08001ff8   0x0000002c   Code   RO          433    .text.Soft_IIC_Init  df_iic.o
    0x08002024   0x08002024   0x00000034   Code   RO          443    .text.Soft_IIC_NAck  df_iic.o
    0x08002058   0x08002058   0x000000cc   Code   RO          455    .text.Soft_IIC_Read_Len  df_iic.o
    0x08002124   0x08002124   0x00000088   Code   RO          447    .text.Soft_IIC_Receive_Byte  df_iic.o
    0x080021ac   0x080021ac   0x00000064   Code   RO          445    .text.Soft_IIC_Send_Byte  df_iic.o
    0x08002210   0x08002210   0x00000034   Code   RO          435    .text.Soft_IIC_Start  df_iic.o
    0x08002244   0x08002244   0x00000034   Code   RO          437    .text.Soft_IIC_Stop  df_iic.o
    0x08002278   0x08002278   0x0000006e   Code   RO          439    .text.Soft_IIC_Wait_Ack  df_iic.o
    0x080022e6   0x080022e6   0x00000002   PAD
    0x080022e8   0x080022e8   0x000000ae   Code   RO          453    .text.Soft_IIC_Write_Len  df_iic.o
    0x08002396   0x08002396   0x00000002   PAD
    0x08002398   0x08002398   0x00000002   Code   RO          501    .text.SysTick_Handler  stm32f4xx_it.o
    0x0800239a   0x0800239a   0x00000002   PAD
    0x0800239c   0x0800239c   0x00000074   Code   RO          510    .text.SystemInit    system_stm32f4xx.o
    0x08002410   0x08002410   0x000000ec   Code   RO          398    .text.USART1_Init   usart.o
    0x080024fc   0x080024fc   0x00000032   Code   RO          406    .text.USART1_ReceiveChar  usart.o
    0x0800252e   0x0800252e   0x00000002   PAD
    0x08002530   0x08002530   0x0000002e   Code   RO          402    .text.USART1_SendChar  usart.o
    0x0800255e   0x0800255e   0x00000002   PAD
    0x08002560   0x08002560   0x00000022   Code   RO          404    .text.USART1_SendString  usart.o
    0x08002582   0x08002582   0x00000002   PAD
    0x08002584   0x08002584   0x00000004   Code   RO          493    .text.UsageFault_Handler  stm32f4xx_it.o
    0x08002588   0x08002588   0x00000030   Code   RO          381    .text.__NVIC_EnableIRQ  nvic.o
    0x080025b8   0x080025b8   0x00000042   Code   RO          377    .text.__NVIC_SetPriority  nvic.o
    0x080025fa   0x080025fa   0x00000002   PAD
    0x080025fc   0x080025fc   0x0000003c   Code   RO          375    .text.__NVIC_SetPriorityGrouping  nvic.o
    0x08002638   0x08002638   0x0000009c   Code   RO          194    .text.decode_gesture  inv_mpu_dmp_motion_driver.o
    0x080026d4   0x080026d4   0x00000040   Code   RO          296    .text.delay_ms      delay.o
    0x08002714   0x08002714   0x0000003c   Code   RO          300    .text.delay_us      delay.o
    0x08002750   0x08002750   0x00000046   Code   RO          186    .text.dmp_enable_6x_lp_quat  inv_mpu_dmp_motion_driver.o
    0x08002796   0x08002796   0x00000002   PAD
    0x08002798   0x08002798   0x000002aa   Code   RO          180    .text.dmp_enable_feature  inv_mpu_dmp_motion_driver.o
    0x08002a42   0x08002a42   0x00000002   PAD
    0x08002a44   0x08002a44   0x0000006a   Code   RO          182    .text.dmp_enable_gyro_cal  inv_mpu_dmp_motion_driver.o
    0x08002aae   0x08002aae   0x00000002   PAD
    0x08002ab0   0x08002ab0   0x00000046   Code   RO          184    .text.dmp_enable_lp_quat  inv_mpu_dmp_motion_driver.o
    0x08002af6   0x08002af6   0x00000002   PAD
    0x08002af8   0x08002af8   0x0000001a   Code   RO          144    .text.dmp_load_motion_driver_firmware  inv_mpu_dmp_motion_driver.o
    0x08002b12   0x08002b12   0x00000002   PAD
    0x08002b14   0x08002b14   0x000001d2   Code   RO          192    .text.dmp_read_fifo  inv_mpu_dmp_motion_driver.o
    0x08002ce6   0x08002ce6   0x00000002   PAD
    0x08002ce8   0x08002ce8   0x000000a4   Code   RO          152    .text.dmp_set_fifo_rate  inv_mpu_dmp_motion_driver.o
    0x08002d8c   0x08002d8c   0x000001b0   Code   RO          146    .text.dmp_set_orientation  inv_mpu_dmp_motion_driver.o
    0x08002f3c   0x08002f3c   0x00000056   Code   RO          166    .text.dmp_set_shake_reject_thresh  inv_mpu_dmp_motion_driver.o
    0x08002f92   0x08002f92   0x00000002   PAD
    0x08002f94   0x08002f94   0x0000003c   Code   RO          168    .text.dmp_set_shake_reject_time  inv_mpu_dmp_motion_driver.o
    0x08002fd0   0x08002fd0   0x0000003c   Code   RO          170    .text.dmp_set_shake_reject_timeout  inv_mpu_dmp_motion_driver.o
    0x0800300c   0x0800300c   0x0000006c   Code   RO          158    .text.dmp_set_tap_axes  inv_mpu_dmp_motion_driver.o
    0x08003078   0x08003078   0x0000004a   Code   RO          160    .text.dmp_set_tap_count  inv_mpu_dmp_motion_driver.o
    0x080030c2   0x080030c2   0x00000002   PAD
    0x080030c4   0x080030c4   0x00000250   Code   RO          156    .text.dmp_set_tap_thresh  inv_mpu_dmp_motion_driver.o
    0x08003314   0x08003314   0x0000003e   Code   RO          162    .text.dmp_set_tap_time  inv_mpu_dmp_motion_driver.o
    0x08003352   0x08003352   0x00000002   PAD
    0x08003354   0x08003354   0x0000003e   Code   RO          164    .text.dmp_set_tap_time_multi  inv_mpu_dmp_motion_driver.o
    0x08003392   0x08003392   0x00000002   PAD
    0x08003394   0x08003394   0x00000030   Code   RO          408    .text.fputc         usart.o
    0x080033c4   0x080033c4   0x000000b2   Code   RO          276    .text.iic1_pins_config  i2c_bus.o
    0x08003476   0x08003476   0x00000002   PAD
    0x08003478   0x08003478   0x00000010   Code   RO          286    .text.iic1_read_sda  i2c_bus.o
    0x08003488   0x08003488   0x00000032   Code   RO          278    .text.iic1_scl      i2c_bus.o
    0x080034ba   0x080034ba   0x00000002   PAD
    0x080034bc   0x080034bc   0x00000032   Code   RO          280    .text.iic1_sda      i2c_bus.o
    0x080034ee   0x080034ee   0x00000002   PAD
    0x080034f0   0x080034f0   0x0000002a   Code   RO          282    .text.iic1_sda_in   i2c_bus.o
    0x0800351a   0x0800351a   0x00000002   PAD
    0x0800351c   0x0800351c   0x0000002a   Code   RO          284    .text.iic1_sda_out  i2c_bus.o
    0x08003546   0x08003546   0x00000002   PAD
    0x08003548   0x08003548   0x00000044   Code   RO          121    .text.inv_orientation_matrix_to_scalar  inv_mpu.o
    0x0800358c   0x0800358c   0x0000009c   Code   RO          123    .text.inv_row_2_scale  inv_mpu.o
    0x08003628   0x08003628   0x00000086   Code   RO          339    .text.led_init      led.o
    0x080036ae   0x080036ae   0x00000002   PAD
    0x080036b0   0x080036b0   0x00000024   Code   RO          343    .text.led_off       led.o
    0x080036d4   0x080036d4   0x00000026   Code   RO          341    .text.led_on        led.o
    0x080036fa   0x080036fa   0x00000002   PAD
    0x080036fc   0x080036fc   0x0000002a   Code   RO          345    .text.led_toggle    led.o
    0x08003726   0x08003726   0x00000002   PAD
    0x08003728   0x08003728   0x00000056   Code   RO            2    .text.main          main.o
    0x0800377e   0x0800377e   0x00000002   PAD
    0x08003780   0x08003780   0x00000008   Code   RO           53    .text.mget_ms       inv_mpu.o
    0x08003788   0x08003788   0x00000036   Code   RO          329    .text.mpu6050_i2c_read  i2c_dev.o
    0x080037be   0x080037be   0x00000002   PAD
    0x080037c0   0x080037c0   0x00000036   Code   RO          327    .text.mpu6050_i2c_write  i2c_dev.o
    0x080037f6   0x080037f6   0x00000002   PAD
    0x080037f8   0x080037f8   0x000000d2   Code   RO           41    .text.mpu_configure_fifo  inv_mpu.o
    0x080038ca   0x080038ca   0x00000006   PAD
    0x080038d0   0x080038d0   0x0000024c   Code   RO          127    .text.mpu_dmp_get_data  inv_mpu.o
    0x08003b1c   0x08003b1c   0x00000114   Code   RO          125    .text.mpu_dmp_init  inv_mpu.o
    0x08003c30   0x08003c30   0x0000006c   Code   RO           65    .text.mpu_get_accel_fsr  inv_mpu.o
    0x08003c9c   0x08003c9c   0x00000258   Code   RO           31    .text.mpu_init      inv_mpu.o
    0x08003ef4   0x08003ef4   0x00000134   Code   RO          107    .text.mpu_load_firmware  inv_mpu.o
    0x08004028   0x08004028   0x0000012a   Code   RO           47    .text.mpu_lp_accel_mode  inv_mpu.o
    0x08004152   0x08004152   0x00000002   PAD
    0x08004154   0x08004154   0x00000128   Code   RO           89    .text.mpu_read_fifo_stream  inv_mpu.o
    0x0800427c   0x0800427c   0x000000be   Code   RO          105    .text.mpu_read_mem  inv_mpu.o
    0x0800433a   0x0800433a   0x00000002   PAD
    0x0800433c   0x0800433c   0x000002a0   Code   RO           61    .text.mpu_reset_fifo  inv_mpu.o
    0x080045dc   0x080045dc   0x000000c8   Code   RO           35    .text.mpu_set_accel_fsr  inv_mpu.o
    0x080046a4   0x080046a4   0x00000202   Code   RO           43    .text.mpu_set_bypass  inv_mpu.o
    0x080048a6   0x080048a6   0x00000002   PAD
    0x080048a8   0x080048a8   0x000000d0   Code   RO           95    .text.mpu_set_dmp_state  inv_mpu.o
    0x08004978   0x08004978   0x000000d0   Code   RO           33    .text.mpu_set_gyro_fsr  inv_mpu.o
    0x08004a48   0x08004a48   0x000000b8   Code   RO           49    .text.mpu_set_int_latched  inv_mpu.o
    0x08004b00   0x08004b00   0x000000e2   Code   RO           37    .text.mpu_set_lpf   inv_mpu.o
    0x08004be2   0x08004be2   0x00000002   PAD
    0x08004be4   0x08004be4   0x000000fa   Code   RO           39    .text.mpu_set_sample_rate  inv_mpu.o
    0x08004cde   0x08004cde   0x00000002   PAD
    0x08004ce0   0x08004ce0   0x00000162   Code   RO           45    .text.mpu_set_sensors  inv_mpu.o
    0x08004e42   0x08004e42   0x00000002   PAD
    0x08004e44   0x08004e44   0x000000be   Code   RO          103    .text.mpu_write_mem  inv_mpu.o
    0x08004f02   0x08004f02   0x00000002   PAD
    0x08004f04   0x08004f04   0x00000030   Code   RO          373    .text.nvic_init     nvic.o
    0x08004f34   0x08004f34   0x000000f2   Code   RO           81    .text.set_int_enable  inv_mpu.o
    0x08005026   0x08005026   0x00000002   PAD
    0x08005028   0x08005028   0x0000007c   Code   RO          390    .text.usart1_init   usart.o
    0x080050a4   0x080050a4   0x00000034   Code   RO          396    .text.usart1_receive  usart.o
    0x080050d8   0x080050d8   0x00000012   Code   RO          394    .text.usart1_send   usart.o
    0x080050ea   0x080050ea   0x00000002   PAD
    0x080050ec   0x080050ec   0x0000001a   Code   RO          410    .text.usart1_start  usart.o
    0x08005106   0x08005106   0x00000002   PAD
    0x08005108   0x08005108   0x0000001a   Code   RO          392    .text.usart1_stop   usart.o
    0x08005122   0x08005122   0x0000003e   Code   RO         1123    CL$$btod_d2e        c_w.l(btod.o)
    0x08005160   0x08005160   0x00000046   Code   RO         1125    CL$$btod_d2e_denorm_low  c_w.l(btod.o)
    0x080051a6   0x080051a6   0x00000060   Code   RO         1124    CL$$btod_d2e_norm_op1  c_w.l(btod.o)
    0x08005206   0x08005206   0x00000002   PAD
    0x08005208   0x08005208   0x00000338   Code   RO         1133    CL$$btod_div_common  c_w.l(btod.o)
    0x08005540   0x08005540   0x000000dc   Code   RO         1130    CL$$btod_e2e        c_w.l(btod.o)
    0x0800561c   0x0800561c   0x0000002a   Code   RO         1127    CL$$btod_ediv       c_w.l(btod.o)
    0x08005646   0x08005646   0x0000002a   Code   RO         1126    CL$$btod_emul       c_w.l(btod.o)
    0x08005670   0x08005670   0x00000244   Code   RO         1132    CL$$btod_mult_common  c_w.l(btod.o)
    0x080058b4   0x080058b4   0x00000030   Code   RO          848    i.__ARM_fpclassify  m_wm.l(fpclassify.o)
    0x080058e4   0x080058e4   0x00000004   PAD
    0x080058e8   0x080058e8   0x00000360   Code   RO          642    i.__hardfp_asin     m_wm.l(asin.o)
    0x08005c48   0x08005c48   0x000002d8   Code   RO          821    i.__hardfp_atan     m_wm.l(atan.o)
    0x08005f20   0x08005f20   0x00000200   Code   RO          649    i.__hardfp_atan2    m_wm.l(atan2.o)
    0x08006120   0x08006120   0x000000f8   Code   RO          866    i.__kernel_poly     m_wm.l(poly.o)
    0x08006218   0x08006218   0x00000014   Code   RO          829    i.__mathlib_dbl_infnan  m_wm.l(dunder.o)
    0x0800622c   0x0800622c   0x00000014   Code   RO          830    i.__mathlib_dbl_infnan2  m_wm.l(dunder.o)
    0x08006240   0x08006240   0x00000020   Code   RO          831    i.__mathlib_dbl_invalid  m_wm.l(dunder.o)
    0x08006260   0x08006260   0x00000020   Code   RO          834    i.__mathlib_dbl_underflow  m_wm.l(dunder.o)
    0x08006280   0x08006280   0x0000000e   Code   RO          742    i._is_digit         c_w.l(__printf_wp.o)
    0x0800628e   0x0800628e   0x00000010   Code   RO          823    i.atan              m_wm.l(atan.o)
    0x0800629e   0x0800629e   0x00000018   Code   RO          844    i.fabs              m_wm.l(fabs.o)
    0x080062b6   0x080062b6   0x0000006e   Code   RO          874    i.sqrt              m_wm.l(sqrt.o)
    0x08006324   0x08006324   0x0000002c   Code   RO         1148    locale$$code        c_w.l(lc_numeric_c.o)
    0x08006350   0x08006350   0x0000002c   Code   RO         1193    locale$$code        c_w.l(lc_ctype_c.o)
    0x0800637c   0x0800637c   0x00000018   Code   RO          790    x$fpl$basic         fz_wm.l(basic.o)
    0x08006394   0x08006394   0x00000062   Code   RO          636    x$fpl$d2f           fz_wm.l(d2f.o)
    0x080063f6   0x080063f6   0x00000002   PAD
    0x080063f8   0x080063f8   0x00000150   Code   RO          792    x$fpl$dadd          fz_wm.l(daddsub_clz.o)
    0x08006548   0x08006548   0x00000018   Code   RO         1072    x$fpl$dcmpinf       fz_wm.l(dcmpi.o)
    0x08006560   0x08006560   0x000002b8   Code   RO          799    x$fpl$ddiv          fz_wm.l(ddiv.o)
    0x08006818   0x08006818   0x00000078   Code   RO          802    x$fpl$deqf          fz_wm.l(deqf.o)
    0x08006890   0x08006890   0x00000154   Code   RO          638    x$fpl$dmul          fz_wm.l(dmul.o)
    0x080069e4   0x080069e4   0x0000009c   Code   RO          804    x$fpl$dnaninf       fz_wm.l(dnaninf.o)
    0x08006a80   0x08006a80   0x0000000c   Code   RO          806    x$fpl$dretinf       fz_wm.l(dretinf.o)
    0x08006a8c   0x08006a8c   0x00000016   Code   RO          793    x$fpl$drsb          fz_wm.l(daddsub_clz.o)
    0x08006aa2   0x08006aa2   0x00000002   PAD
    0x08006aa4   0x08006aa4   0x00000198   Code   RO         1074    x$fpl$dsqrt         fz_wm.l(dsqrt_umaal.o)
    0x08006c3c   0x08006c3c   0x000001dc   Code   RO          794    x$fpl$dsub          fz_wm.l(daddsub_clz.o)
    0x08006e18   0x08006e18   0x00000056   Code   RO          640    x$fpl$f2d           fz_wm.l(f2d.o)
    0x08006e6e   0x08006e6e   0x0000008c   Code   RO          808    x$fpl$fnaninf       fz_wm.l(fnaninf.o)
    0x08006efa   0x08006efa   0x0000001a   Code   RO         1170    x$fpl$fpinit        fz_wm.l(fpinit.o)
    0x08006f14   0x08006f14   0x0000000a   Code   RO          810    x$fpl$fretinf       fz_wm.l(fretinf.o)
    0x08006f1e   0x08006f1e   0x00000004   Code   RO          812    x$fpl$printf1       fz_wm.l(printf1.o)
    0x08006f22   0x08006f22   0x00000004   Code   RO          814    x$fpl$printf2       fz_wm.l(printf2.o)
    0x08006f26   0x08006f26   0x00000000   Code   RO          820    x$fpl$usenofp       fz_wm.l(usenofp.o)
    0x08006f26   0x08006f26   0x00000002   PAD
    0x08006f28   0x08006f28   0x00000050   Data   RO          645    .constdata          m_wm.l(asin.o)
    0x08006f78   0x08006f78   0x00000008   Data   RO          701    .constdata          c_w.l(_printf_wctomb.o)
    0x08006f80   0x08006f80   0x00000028   Data   RO          730    .constdata          c_w.l(_printf_hex_int_ll_ptr.o)
    0x08006fa8   0x08006fa8   0x00000011   Data   RO          750    .constdata          c_w.l(__printf_flags_ss_wp.o)
    0x08006fb9   0x08006fb9   0x00000007   PAD
    0x08006fc0   0x08006fc0   0x00000098   Data   RO          824    .constdata          m_wm.l(atan.o)
    0x08007058   0x08007058   0x00000008   Data   RO          868    .constdata          m_wm.l(qnan.o)
    0x08007060   0x08007060   0x00000004   Data   RO          880    .constdata          c_w.l(sys_io_names.o)
    0x08007064   0x08007064   0x00000004   Data   RO          881    .constdata          c_w.l(sys_io_names.o)
    0x08007068   0x08007068   0x00000004   Data   RO          882    .constdata          c_w.l(sys_io_names.o)
    0x0800706c   0x0800706c   0x00000026   Data   RO          974    .constdata          c_w.l(_printf_fp_hex.o)
    0x08007092   0x08007092   0x00000002   PAD
    0x08007094   0x08007094   0x00000094   Data   RO         1121    .constdata          c_w.l(bigflt0.o)
    0x08007128   0x08007128   0x00000bf6   Data   RO          200    .rodata.dmp_memory  inv_mpu_dmp_motion_driver.o
    0x08007d1e   0x08007d1e   0x0000000c   Data   RO          132    .rodata.hw          inv_mpu.o
    0x08007d2a   0x08007d2a   0x0000001b   Data   RO          131    .rodata.reg         inv_mpu.o
    0x08007d45   0x08007d45   0x00000006   Data   RO            7    .rodata.str1.1      main.o
    0x08007d4b   0x08007d4b   0x0000009e   Data   RO          135    .rodata.str1.1      inv_mpu.o
    0x08007de9   0x08007de9   0x0000000c   Data   RO          348    .rodata.str1.1      led.o
    0x08007df5   0x08007df5   0x00000025   Data   RO          412    .rodata.str1.1      usart.o
    0x08007e1a   0x08007e1a   0x00000069   Data   RO          425    .rodata.str1.1      dev_frame.o
    0x08007e83   0x08007e83   0x00000016   Data   RO          459    .rodata.str1.1      df_iic.o
    0x08007e99   0x08007e99   0x00000003   PAD
    0x08007e9c   0x08007e9c   0x00000028   Data   RO          133    .rodata.test        inv_mpu.o
    0x08007ec4   0x08007ec4   0x00000020   Data   RO         1259    Region$$Table       anon$$obj.o
    0x08007ee4   0x08007ee4   0x0000001c   Data   RO         1147    locale$$data        c_w.l(lc_numeric_c.o)
    0x08007f00   0x08007f00   0x00000110   Data   RO         1192    locale$$data        c_w.l(lc_ctype_c.o)


    Execution Region RW_IRAM1 (Exec base: 0x20000000, Load base: 0x08008010, Size: 0x000008e8, Max: 0x00020000, ABSOLUTE, COMPRESSED[0x000000c0])

    Exec Addr    Load Addr    Size         Type   Attr      Idx    E Section Name        Object

    0x20000000   COMPRESSED   0x00000004   Data   RW          616    .data               c_w.l(stdio_streams.o)
    0x20000004   COMPRESSED   0x00000004   Data   RW          617    .data               c_w.l(stdio_streams.o)
    0x20000008   COMPRESSED   0x00000004   Data   RW          618    .data               c_w.l(stdio_streams.o)
    0x2000000c   COMPRESSED   0x000000b0   Data   RW           19    .data.Dev_info_poor  init.o
    0x200000bc   COMPRESSED   0x00000004   Data   RW          516    .data.SystemCoreClock  system_stm32f4xx.o
    0x200000c0   COMPRESSED   0x0000002c   Data   RW          413    .data.debug         usart.o
    0x200000ec   COMPRESSED   0x00000010   Data   RW          302    .data.delay         delay.o
    0x200000fc   COMPRESSED   0x00000009   Data   RW          136    .data.gyro_orientation  inv_mpu.o
    0x20000105   COMPRESSED   0x00000003   PAD
    0x20000108   COMPRESSED   0x00000020   Data   RW          288    .data.i2c1_bus      i2c_bus.o
    0x20000128   COMPRESSED   0x00000018   Data   RW          347    .data.led           led.o
    0x20000140   COMPRESSED   0x0000002c   Data   RW          134    .data.st            inv_mpu.o
    0x2000016c   COMPRESSED   0x00000004   PAD
    0x20000170        -       0x00000054   Zero   RW          613    .bss                c_w.l(stdio_streams.o)
    0x200001c4        -       0x00000054   Zero   RW          614    .bss                c_w.l(stdio_streams.o)
    0x20000218        -       0x00000054   Zero   RW          615    .bss                c_w.l(stdio_streams.o)
    0x2000026c        -       0x00000060   Zero   RW         1077    .bss                c_w.l(libspace.o)
    0x200002cc        -       0x00000010   Zero   RW          205    .bss.dmp            inv_mpu_dmp_motion_driver.o
    0x200002dc        -       0x00000004   Zero   RW            4    .bss.pitch          main.o
    0x200002e0        -       0x00000004   Zero   RW            5    .bss.roll           main.o
    0x200002e4        -       0x00000004   Zero   RW            6    .bss.yaw            main.o
    0x200002e8        -       0x00000200   Zero   RW          525    HEAP                startup_stm32f40_41xxx.o
    0x200004e8        -       0x00000400   Zero   RW          524    STACK               startup_stm32f40_41xxx.o


==============================================================================

Image component sizes


      Code (inc. data)   RO Data    RW Data    ZI Data      Debug   Object Name

       124          0          0         16          0       1448   delay.o
       190          0        105          0          0       1621   dev_frame.o
       974          0         22          0          0       3861   df_iic.o
       378          0          0         32          0       2735   i2c_bus.o
       108          0          0          0          0        824   i2c_dev.o
         0          0          0        176          0       1930   init.o
      6354         32        237         53          0      21165   inv_mpu.o
      3276         52       3062          0         16       8718   inv_mpu_dmp_motion_driver.o
       250          0         12         24          0       2624   led.o
        86          0          6          0         12        578   main.o
       330          0          0          0          0       4830   nvic.o
        64         26        392          0       1536        928   startup_stm32f40_41xxx.o
        26          0          0          0          0       1051   stm32f4xx_it.o
       424          0          0          4          0       3361   system_stm32f4xx.o
       660          0         37         44          0       4434   usart.o

    ----------------------------------------------------------------------
     13338        110       3908        352       1568      60108   Object Totals
         0          0         32          0          0          0   (incl. Generated)
        94          0          3          3          4          0   (incl. Padding)

    ----------------------------------------------------------------------

      Code (inc. data)   RO Data    RW Data    ZI Data      Debug   Library Member Name

        58          0          0          0          0          0   __dczerorl.o
         8          0          0          0          0         68   __main.o
       392          4         17          0          0         92   __printf_flags_ss_wp.o
        14          0          0          0          0         68   __printf_wp.o
         0          0          0          0          0          0   __rtentry.o
        12          0          0          0          0          0   __rtentry2.o
         6          0          0          0          0          0   __rtentry4.o
        94          8          0          0          0          0   __scatter.o
        28          0          0          0          0          0   __scatter_zi.o
        72          0          0          0          0         96   _c16rtomb.o
         6          0          0          0          0          0   _printf_a.o
         6          0          0          0          0          0   _printf_c.o
        44          0          0          0          0        108   _printf_char.o
        48          6          0          0          0         96   _printf_char_common.o
        36          4          0          0          0         80   _printf_char_file.o
        40          0          0          0          0         68   _printf_charcount.o
         6          0          0          0          0          0   _printf_d.o
       120         16          0          0          0         92   _printf_dec.o
         6          0          0          0          0          0   _printf_e.o
         6          0          0          0          0          0   _printf_f.o
      1052          0          0          0          0        148   _printf_fp_dec.o
       764          8         38          0          0        100   _printf_fp_hex.o
       128         16          0          0          0         84   _printf_fp_infnan.o
         6          0          0          0          0          0   _printf_g.o
       148          4         40          0          0        160   _printf_hex_int_ll_ptr.o
         6          0          0          0          0          0   _printf_i.o
       178          0          0          0          0         88   _printf_intcommon.o
        10          0          0          0          0          0   _printf_l.o
         6          0          0          0          0          0   _printf_lc.o
        10          0          0          0          0          0   _printf_ll.o
         6          0          0          0          0          0   _printf_lld.o
         6          0          0          0          0          0   _printf_lli.o
         6          0          0          0          0          0   _printf_llo.o
         6          0          0          0          0          0   _printf_llu.o
         6          0          0          0          0          0   _printf_llx.o
       124         16          0          0          0         92   _printf_longlong_dec.o
         6          0          0          0          0          0   _printf_ls.o
         6          0          0          0          0          0   _printf_n.o
         6          0          0          0          0          0   _printf_o.o
       112          8          0          0          0        124   _printf_oct_int_ll.o
         6          0          0          0          0          0   _printf_p.o
        78          0          0          0          0        108   _printf_pad.o
         0          0          0          0          0          0   _printf_percent.o
         4          0          0          0          0          0   _printf_percent_end.o
         6          0          0          0          0          0   _printf_s.o
        82          0          0          0          0         80   _printf_str.o
        36          0          0          0          0         84   _printf_truncate.o
         6          0          0          0          0          0   _printf_u.o
        44          0          0          0          0        108   _printf_wchar.o
       188          6          8          0          0         92   _printf_wctomb.o
         6          0          0          0          0          0   _printf_x.o
        22          0          0          0          0        100   _rserrno.o
       228          4        148          0          0         96   bigflt0.o
      1936        128          0          0          0        668   btod.o
        10          0          0          0          0         68   defsig_exit.o
        50          0          0          0          0         88   defsig_general.o
        80         58          0          0          0         76   defsig_rtmem_inner.o
        14          0          0          0          0         80   defsig_rtmem_outer.o
        52         38          0          0          0         76   defsig_rtred_inner.o
        14          0          0          0          0         80   defsig_rtred_outer.o
        18          0          0          0          0         80   exit.o
        76          0          0          0          0         88   fclose.o
         8          0          0          0          0         68   ferror.o
       240          6          0          0          0        128   fopen.o
       248          6          0          0          0         84   fseek.o
        66          0          0          0          0         76   ftell.o
        94          0          0          0          0         80   h1_alloc.o
        52          0          0          0          0         68   h1_extend.o
        78          0          0          0          0         80   h1_free.o
        12          0          0          0          0         84   h1_init.o
         6          0          0          0          0        152   heapauxi.o
         4          0          0          0          0        136   hguard.o
         0          0          0          0          0          0   indicate_semi.o
       138          0          0          0          0        168   init_alloc.o
       312         46          0          0          0        112   initio.o
        44         10        272          0          0         76   lc_ctype_c.o
        44         10         28          0          0         76   lc_numeric_c.o
         2          0          0          0          0          0   libinit.o
        46          0          0          0          0          0   libinit2.o
         2          0          0          0          0          0   libshutdown.o
         6          0          0          0          0          0   libshutdown2.o
         8          4          0          0         96         68   libspace.o
       138          0          0          0          0         80   lludiv10.o
         0          0          0          0          0          0   maybetermalloc1.o
        88          0          0          0          0         76   memcmp.o
        24          4          0          0          0         84   printf.o
        16          4          0          0          0         76   rt_ctype_table.o
         8          4          0          0          0         68   rt_errno_addr_intlibspace.o
         8          4          0          0          0         68   rt_heap_descriptor_intlibspace.o
         8          4          0          0          0         68   rt_locale_intlibspace.o
        78          0          0          0          0         80   rt_memclr_w.o
         2          0          0          0          0          0   rtexit.o
        10          0          0          0          0          0   rtexit2.o
        70          0          0          0          0         80   setvbuf.o
       264          6          0          0          0        160   stdio.o
         0          0          0         12        252          0   stdio_streams.o
       124          0          0          0          0         88   strcmpv7em.o
        62          0          0          0          0         76   strlen.o
        12          4          0          0          0         68   sys_exit.o
       102          0          0          0          0        240   sys_io.o
         0          0         12          0          0          0   sys_io_names.o
        74          0          0          0          0         80   sys_stackheap_outer.o
        14          0          0          0          0         76   sys_wrch.o
         2          0          0          0          0         68   use_no_semi.o
        24          0          0          0          0        164   basic.o
        98          4          0          0          0        140   d2f.o
       834         16          0          0          0        516   daddsub_clz.o
        24          0          0          0          0        116   dcmpi.o
       696        140          0          0          0        264   ddiv.o
       120          4          0          0          0        140   deqf.o
       340         12          0          0          0        152   dmul.o
       156          4          0          0          0        140   dnaninf.o
        12          0          0          0          0        116   dretinf.o
       408         56          0          0          0        168   dsqrt_umaal.o
        86          4          0          0          0        132   f2d.o
       140          4          0          0          0        132   fnaninf.o
        26          0          0          0          0        116   fpinit.o
        10          0          0          0          0        116   fretinf.o
         4          0          0          0          0        116   printf1.o
         4          0          0          0          0        116   printf2.o
         0          0          0          0          0          0   usenofp.o
       864         94         80          0          0        280   asin.o
       744        106        152          0          0        352   atan.o
       512         64          0          0          0        208   atan2.o
       104         16          0          0          0        496   dunder.o
        24          0          0          0          0        124   fabs.o
        48          0          0          0          0        124   fpclassify.o
       248          0          0          0          0        152   poly.o
         0          0          8          0          0          0   qnan.o
       110          0          0          0          0        148   sqrt.o

    ----------------------------------------------------------------------
     14726        960        812         12        348      11056   Library Totals
        26          0          9          0          0          0   (incl. Padding)

    ----------------------------------------------------------------------

      Code (inc. data)   RO Data    RW Data    ZI Data      Debug   Library Name

      9064        436        563         12        348       6528   c_w.l
      2982        244          0          0          0       2644   fz_wm.l
      2654        280        240          0          0       1884   m_wm.l

    ----------------------------------------------------------------------
     14726        960        812         12        348      11056   Library Totals

    ----------------------------------------------------------------------

==============================================================================


      Code (inc. data)   RO Data    RW Data    ZI Data      Debug   

     28064       1070       4720        364       1916      64656   Grand Totals
     28064       1070       4720        192       1916      64656   ELF Image Totals (compressed)
     28064       1070       4720        192          0          0   ROM Totals

==============================================================================

    Total RO  Size (Code + RO Data)                32784 (  32.02kB)
    Total RW  Size (RW Data + ZI Data)              2280 (   2.23kB)
    Total ROM Size (Code + RO Data + RW Data)      32976 (  32.20kB)

==============================================================================

